Archive member included to satisfy reference by file (symbol)

app/libapp.a(SD_card.c.obj)   (--whole-archive)
app/libapp.a(main.c.obj)      (--whole-archive)
zephyr/libzephyr.a(heap.c.obj)
                              (--whole-archive)
zephyr/libzephyr.a(cbprintf_packaged.c.obj)
                              (--whole-archive)
zephyr/libzephyr.a(printk.c.obj)
                              (--whole-archive)
zephyr/libzephyr.a(sem.c.obj)
                              (--whole-archive)
zephyr/libzephyr.a(thread_entry.c.obj)
                              (--whole-archive)
zephyr/libzephyr.a(cbprintf_complete.c.obj)
                              (--whole-archive)
zephyr/libzephyr.a(assert.c.obj)
                              (--whole-archive)
zephyr/libzephyr.a(mpsc_pbuf.c.obj)
                              (--whole-archive)
zephyr/libzephyr.a(dec.c.obj)
                              (--whole-archive)
zephyr/libzephyr.a(hex.c.obj)
                              (--whole-archive)
zephyr/libzephyr.a(rb.c.obj)  (--whole-archive)
zephyr/libzephyr.a(timeutil.c.obj)
                              (--whole-archive)
zephyr/libzephyr.a(bitarray.c.obj)
                              (--whole-archive)
zephyr/libzephyr.a(onoff.c.obj)
                              (--whole-archive)
zephyr/libzephyr.a(notify.c.obj)
                              (--whole-archive)
zephyr/libzephyr.a(ring_buffer.c.obj)
                              (--whole-archive)
zephyr/libzephyr.a(configs.c.obj)
                              (--whole-archive)
zephyr/libzephyr.a(log_core.c.obj)
                              (--whole-archive)
zephyr/libzephyr.a(log_mgmt.c.obj)
                              (--whole-archive)
zephyr/libzephyr.a(log_cache.c.obj)
                              (--whole-archive)
zephyr/libzephyr.a(log_msg.c.obj)
                              (--whole-archive)
zephyr/libzephyr.a(log_output.c.obj)
                              (--whole-archive)
zephyr/libzephyr.a(log_backend_rtt.c.obj)
                              (--whole-archive)
zephyr/libzephyr.a(log_backend_uart.c.obj)
                              (--whole-archive)
zephyr/libzephyr.a(mem_attr.c.obj)
                              (--whole-archive)
zephyr/libzephyr.a(device.c.obj)
                              (--whole-archive)
zephyr/libzephyr.a(device_runtime.c.obj)
                              (--whole-archive)
zephyr/libzephyr.a(tracing_none.c.obj)
                              (--whole-archive)
zephyr/libzephyr.a(disk_access.c.obj)
                              (--whole-archive)
zephyr/libzephyr.a(addr_utils.c.obj)
                              (--whole-archive)
zephyr/libzephyr.a(banner.c.obj)
                              (--whole-archive)
zephyr/libzephyr.a(host_extensions.c.obj)
                              (--whole-archive)
zephyr/arch/common/libarch__common.a(sw_isr_common.c.obj)
                              (--whole-archive)
zephyr/arch/arch/arm/core/libarch__arm__core.a(fatal.c.obj)
                              (--whole-archive)
zephyr/arch/arch/arm/core/libarch__arm__core.a(nmi.c.obj)
                              (--whole-archive)
zephyr/arch/arch/arm/core/libarch__arm__core.a(nmi_on_reset.S.obj)
                              (--whole-archive)
zephyr/arch/arch/arm/core/libarch__arm__core.a(tls.c.obj)
                              (--whole-archive)
zephyr/arch/arch/arm/core/cortex_m/libarch__arm__core__cortex_m.a(exc_exit.c.obj)
                              (--whole-archive)
zephyr/arch/arch/arm/core/cortex_m/libarch__arm__core__cortex_m.a(fault.c.obj)
                              (--whole-archive)
zephyr/arch/arch/arm/core/cortex_m/libarch__arm__core__cortex_m.a(fault_s.S.obj)
                              (--whole-archive)
zephyr/arch/arch/arm/core/cortex_m/libarch__arm__core__cortex_m.a(fpu.c.obj)
                              (--whole-archive)
zephyr/arch/arch/arm/core/cortex_m/libarch__arm__core__cortex_m.a(reset.S.obj)
                              (--whole-archive)
zephyr/arch/arch/arm/core/cortex_m/libarch__arm__core__cortex_m.a(scb.c.obj)
                              (--whole-archive)
zephyr/arch/arch/arm/core/cortex_m/libarch__arm__core__cortex_m.a(thread_abort.c.obj)
                              (--whole-archive)
zephyr/arch/arch/arm/core/cortex_m/libarch__arm__core__cortex_m.a(vector_table.S.obj)
                              (--whole-archive)
zephyr/arch/arch/arm/core/cortex_m/libarch__arm__core__cortex_m.a(swap.c.obj)
                              (--whole-archive)
zephyr/arch/arch/arm/core/cortex_m/libarch__arm__core__cortex_m.a(swap_helper.S.obj)
                              (--whole-archive)
zephyr/arch/arch/arm/core/cortex_m/libarch__arm__core__cortex_m.a(irq_manage.c.obj)
                              (--whole-archive)
zephyr/arch/arch/arm/core/cortex_m/libarch__arm__core__cortex_m.a(prep_c.c.obj)
                              (--whole-archive)
zephyr/arch/arch/arm/core/cortex_m/libarch__arm__core__cortex_m.a(thread.c.obj)
[...]
Memory Configuration

Name             Origin             Length             Attributes
FLASH            0x0000000000000000 0x0000000000080000 xr
RAM              0x0000000020000000 0x0000000000010000 xw
IDT_LIST         0x00000000ffff7fff 0x0000000000008000 xw
*default*        0x0000000000000000 0xffffffffffffffff

Linker script and memory map

                0x000000000001a918                vfprintf = __d_vfprintf
                0x0000000000000000                vfscanf = __d_vfscanf
LOAD zephyr/CMakeFiles/zephyr_final.dir/misc/empty_file.c.obj
LOAD zephyr/CMakeFiles/zephyr_final.dir/isr_tables.c.obj
LOAD zephyr/CMakeFiles/offsets.dir/./arch/arm/core/offsets/offsets.c.obj
LOAD app/libapp.a
LOAD zephyr/libzephyr.a
LOAD zephyr/arch/common/libarch__common.a
LOAD zephyr/arch/arch/arm/core/libarch__arm__core.a
LOAD zephyr/arch/arch/arm/core/cortex_m/libarch__arm__core__cortex_m.a
LOAD zephyr/arch/arch/arm/core/mpu/libarch__arm__core__mpu.a
LOAD zephyr/lib/libc/picolibc/liblib__libc__picolibc.a
LOAD zephyr/lib/libc/common/liblib__libc__common.a
LOAD zephyr/soc/soc/nrf52832/libsoc__nordic.a
LOAD zephyr/subsys/fs/libsubsys__fs.a
LOAD zephyr/subsys/random/libsubsys__random.a
LOAD zephyr/subsys/bluetooth/common/libsubsys__bluetooth__common.a
LOAD zephyr/subsys/bluetooth/host/libsubsys__bluetooth__host.a
LOAD zephyr/subsys/net/libsubsys__net.a
LOAD zephyr/drivers/clock_control/libdrivers__clock_control.a
LOAD zephyr/drivers/console/libdrivers__console.a
LOAD zephyr/drivers/entropy/libdrivers__entropy.a
LOAD zephyr/drivers/gpio/libdrivers__gpio.a
LOAD zephyr/drivers/i2s/libdrivers__i2s.a
LOAD zephyr/drivers/pinctrl/libdrivers__pinctrl.a
LOAD zephyr/drivers/pwm/libdrivers__pwm.a
LOAD zephyr/drivers/serial/libdrivers__serial.a
LOAD zephyr/drivers/spi/libdrivers__spi.a
LOAD zephyr/drivers/timer/libdrivers__timer.a
LOAD modules/nrf/lib/multithreading_lock/lib..__nrf__lib__multithreading_lock.a
LOAD modules/nrf/lib/data_fifo/lib..__nrf__lib__data_fifo.a
LOAD modules/nrf/subsys/bluetooth/controller/lib..__nrf__subsys__bluetooth__controller.a
LOAD modules/nrf/subsys/mpsl/init/lib..__nrf__subsys__mpsl__init.a
LOAD modules/nrf/subsys/mpsl/fem/lib..__nrf__subsys__mpsl__fem.a
LOAD modules/nrf/drivers/mpsl/clock_control/lib..__nrf__drivers__mpsl__clock_control.a
LOAD modules/fatfs/libmodules__fatfs.a
LOAD modules/hal_nordic/nrfx/libmodules__hal_nordic__nrfx.a
LOAD modules/segger/libmodules__segger.a
LOAD zephyr/kernel/libkernel.a
LOAD c:/ncs/toolchains/cf2149caf2/opt/zephyr-sdk/arm-zephyr-eabi/bin/../lib/gcc/arm-zephyr-eabi/12.2.0/thumb/v7e-m/nofp\libgcc.a
LOAD zephyr/arch/common/libisr_tables.a
LOAD C:/ncs/v2.7.0/nrfxlib/softdevice_controller/lib/cortex-m4/soft-float/libsoftdevice_controller_peripheral.a
LOAD C:/ncs/v2.7.0/nrfxlib/mpsl/fem/common/lib/cortex-m4/soft-float/libmpsl_fem_common.a
LOAD C:/ncs/v2.7.0/nrfxlib/mpsl/fem/nrf21540_gpio/lib/cortex-m4/soft-float/libmpsl_fem_nrf21540_gpio.a
LOAD C:/ncs/v2.7.0/nrfxlib/mpsl/fem/nrf21540_gpio_spi/lib/cortex-m4/soft-float/libmpsl_fem_nrf21540_gpio_spi.a
LOAD C:/ncs/v2.7.0/nrfxlib/mpsl/fem/nrf2220/lib/cortex-m4/soft-float/libmpsl_fem_nrf2220.a
LOAD C:/ncs/v2.7.0/nrfxlib/mpsl/fem/nrf2240/lib/cortex-m4/soft-float/libmpsl_fem_nrf2240.a
LOAD C:/ncs/v2.7.0/nrfxlib/mpsl/fem/nrf22xx/lib/cortex-m4/soft-float/libmpsl_fem_nrf22xx.a
LOAD C:/ncs/v2.7.0/nrfxlib/mpsl/fem/simple_gpio/lib/cortex-m4/soft-float/libmpsl_fem_simple_gpio.a
LOAD C:/ncs/v2.7.0/nrfxlib/mpsl/lib/cortex-m4/soft-float/libmpsl.a
LOAD c:\ncs\toolchains\cf2149caf2\opt\zephyr-sdk\arm-zephyr-eabi\bin\../lib/gcc/../../picolibc/arm-zephyr-eabi/lib/thumb/v7e-m/nofp\libc.a
LOAD c:/ncs/toolchains/cf2149caf2/opt/zephyr-sdk/arm-zephyr-eabi/bin/../lib/gcc/arm-zephyr-eabi/12.2.0/thumb/v7e-m/nofp\libgcc.a
                0x0000000000000020                _region_min_align = 0x20

.rel.plt        0x0000000000000000        0x0
 *(SORT_BY_ALIGNMENT(.rel.plt))
                [!provide]                        PROVIDE (__rel_iplt_start = .)
 *(SORT_BY_ALIGNMENT(.rel.iplt))
 .rel.iplt      0x0000000000000000        0x0 zephyr/CMakeFiles/zephyr_final.dir/isr_tables.c.obj
                [!provide]                        PROVIDE (__rel_iplt_end = .)

.rela.plt       0x0000000000000000        0x0
 *(SORT_BY_ALIGNMENT(.rela.plt))
                [!provide]                        PROVIDE (__rela_iplt_start = .)
 *(SORT_BY_ALIGNMENT(.rela.iplt))
                [!provide]                        PROVIDE (__rela_iplt_end = .)

.rel.dyn
 *(SORT_BY_ALIGNMENT(.rel.*))

.rela.dyn
 *(SORT_BY_ALIGNMENT(.rela.*))

/DISCARD/
 *(SORT_BY_ALIGNMENT(.plt))

/DISCARD/
 *(SORT_BY_ALIGNMENT(.iplt))
                0x0000000000000000                __rom_region_start = 0x0

rom_start       0x0000000000000000       0xdc
                0x0000000000000000                __rom_start_address = .
 FILL mask 0x00
                0x0000000000000000                . = (. + (0x0 - (. - __rom_start_address)))
                0x0000000000000000                . = ALIGN (0x4)
                0x0000000000000000                . = ALIGN (0x80)
                0x0000000000000000                . = ALIGN (0x100)
                0x0000000000000000                _vector_start = .
 *(SORT_BY_ALIGNMENT(.exc_vector_table))
 *(SORT_BY_ALIGNMENT(.exc_vector_table.*))
 .exc_vector_table._vector_table_section
                0x0000000000000000       0x40 zephyr/arch/arch/arm/core/cortex_m/libarch__arm__core__cortex_m.a(vector_table.S.obj)
                0x0000000000000000                _vector_table
 *(SORT_BY_ALIGNMENT(.vectors))
                0x00000000000000dc                _vector_end = .
                0x0000000000000040                . = ALIGN (0x4)
 *(SORT_BY_ALIGNMENT(.gnu.linkonce.irq_vector_table*))
 .gnu.linkonce.irq_vector_table
                0x0000000000000040       0x9c zephyr/CMakeFiles/zephyr_final.dir/isr_tables.c.obj
                0x0000000000000040                _irq_vector_table
                0x00000000000000dc                _vector_end = .

text            0x00000000000000dc    0x21678
                0x00000000000000dc                __text_region_start = .
 *(SORT_BY_ALIGNMENT(.text))
 .text          0x00000000000000dc       0x30 c:/ncs/toolchains/cf2149caf2/opt/zephyr-sdk/arm-zephyr-eabi/bin/../lib/gcc/arm-zephyr-eabi/12.2.0/thumb/v7e-m/nofp\libgcc.a(_aeabi_uldivmod.o)
                0x00000000000000dc                __aeabi_uldivmod
 .text          0x000000000000010c        0x4 c:/ncs/toolchains/cf2149caf2/opt/zephyr-sdk/arm-zephyr-eabi/bin/../lib/gcc/arm-zephyr-eabi/12.2.0/thumb/v7e-m/nofp\libgcc.a(_dvmd_tls.o)
                0x000000000000010c                __aeabi_idiv0
                0x000000000000010c                __aeabi_ldiv0
 .text          0x0000000000000110       0x34 C:/ncs/v2.7.0/nrfxlib/softdevice_controller/lib/cortex-m4/soft-float/libsoftdevice_controller_peripheral.a(libsoftdevice_controller_s112_debug_soft__obfuscated.elf)
 .text          0x0000000000000144       0x60 C:/ncs/v2.7.0/nrfxlib/softdevice_controller/lib/cortex-m4/soft-float/libsoftdevice_controller_peripheral.a(libsoftdevice_controller_s112_debug_soft__obfuscated.elf)
 .text          0x00000000000001a4       0xb4 C:/ncs/v2.7.0/nrfxlib/softdevice_controller/lib/cortex-m4/soft-float/libsoftdevice_controller_peripheral.a(libsoftdevice_controller_s112_debug_soft__obfuscated.elf)
 .text          0x0000000000000258       0x78 C:/ncs/v2.7.0/nrfxlib/softdevice_controller/lib/cortex-m4/soft-float/libsoftdevice_controller_peripheral.a(libsoftdevice_controller_s112_debug_soft__obfuscated.elf)
                0x0000000000000258                sym_476LRB5XNUARAHCHHC7ZAIGPFC5VZ4W2N4467LI
 .text          0x00000000000002d0       0x48 C:/ncs/v2.7.0/nrfxlib/softdevice_controller/lib/cortex-m4/soft-float/libsoftdevice_controller_peripheral.a(libsoftdevice_controller_s112_debug_soft__obfuscated.elf)
 .text          0x0000000000000318       0x84 C:/ncs/v2.7.0/nrfxlib/softdevice_controller/lib/cortex-m4/soft-float/libsoftdevice_controller_peripheral.a(libsoftdevice_controller_s112_debug_soft__obfuscated.elf)
                0x0000000000000318                sdc_init
 .text          0x000000000000039c       0x8c C:/ncs/v2.7.0/nrfxlib/softdevice_controller/lib/cortex-m4/soft-float/libsoftdevice_controller_peripheral.a(libsoftdevice_controller_s112_debug_soft__obfuscated.elf)
                0x000000000000039c                sdc_cfg_set
 .text          0x0000000000000428       0x54 C:/ncs/v2.7.0/nrfxlib/softdevice_controller/lib/cortex-m4/soft-float/libsoftdevice_controller_peripheral.a(libsoftdevice_controller_s112_debug_soft__obfuscated.elf)
                0x0000000000000428                sdc_enable
 .text          0x000000000000047c       0x24 C:/ncs/v2.7.0/nrfxlib/softdevice_controller/lib/cortex-m4/soft-float/libsoftdevice_controller_peripheral.a(libsoftdevice_controller_s112_debug_soft__obfuscated.elf)
                0x000000000000047c                sdc_disable
 .text          0x00000000000004a0       0x24 C:/ncs/v2.7.0/nrfxlib/softdevice_controller/lib/cortex-m4/soft-float/libsoftdevice_controller_peripheral.a(libsoftdevice_controller_s112_debug_soft__obfuscated.elf)
                0x00000000000004a0                sdc_build_revision_get
 .text          0x00000000000004c4       0x28 C:/ncs/v2.7.0/nrfxlib/softdevice_controller/lib/cortex-m4/soft-float/libsoftdevice_controller_peripheral.a(libsoftdevice_controller_s112_debug_soft__obfuscated.elf)
                0x00000000000004c4                sdc_support_adv
 .text          0x00000000000004ec       0x10 C:/ncs/v2.7.0/nrfxlib/softdevice_controller/lib/cortex-m4/soft-float/libsoftdevice_controller_peripheral.a(libsoftdevice_controller_s112_debug_soft__obfuscated.elf)
                0x00000000000004ec                sdc_rand_source_register
 .text          0x00000000000004fc        0xc C:/ncs/v2.7.0/nrfxlib/softdevice_controller/lib/cortex-m4/soft-float/libsoftdevice_controller_peripheral.a(libsoftdevice_controller_s112_debug_soft__obfuscated.elf)
                0x00000000000004fc                sym_CVMXQJYKHZVHIOMGOYEICPLVAIQNUBL6USVNZSA
 .text          0x0000000000000508       0x10 C:/ncs/v2.7.0/nrfxlib/softdevice_controller/lib/cortex-m4/soft-float/libsoftdevice_controller_peripheral.a(libsoftdevice_controller_s112_debug_soft__obfuscated.elf)
                0x0000000000000508                sym_EZ7BAEZZMYJFIJAONX254JF3WPGEXUT4NMP2WJQ
 .text          0x0000000000000518       0xac C:/ncs/v2.7.0/nrfxlib/softdevice_controller/lib/cortex-m4/soft-float/libsoftdevice_controller_peripheral.a(libsoftdevice_controller_s112_debug_soft__obfuscated.elf)
                0x0000000000000518                sym_MS2INTHZLDZMKZ5TZUDLWHPLKH3FLVZPA26JG6A
 .text          0x00000000000005c4       0x28 C:/ncs/v2.7.0/nrfxlib/softdevice_controller/lib/cortex-m4/soft-float/libsoftdevice_controller_peripheral.a(libsoftdevice_controller_s112_debug_soft__obfuscated.elf)
                0x00000000000005c4                sym_TG7NSIC2UKHCUBZWZ4K4EMD5QRI2QVSKVKV6CFQ
 .text          0x00000000000005ec       0x3c C:/ncs/v2.7.0/nrfxlib/softdevice_controller/lib/cortex-m4/soft-float/libsoftdevice_controller_peripheral.a(libsoftdevice_controller_s112_debug_soft__obfuscated.elf)
                0x00000000000005ec                sym_Z7NJGBYWCKFTEHRYWAIDKWPEUN45273QSWUA5CY
 .text          0x0000000000000628       0x24 C:/ncs/v2.7.0/nrfxlib/softdevice_controller/lib/cortex-m4/soft-float/libsoftdevice_controller_peripheral.a(libsoftdevice_controller_s112_debug_soft__obfuscated.elf)
                0x0000000000000628                sym_TU2SMBIUC7JL6C3K2XB6727DQLBLV5LEGIMZAFQ
 .text          0x000000000000064c       0x10 C:/ncs/v2.7.0/nrfxlib/softdevice_controller/lib/cortex-m4/soft-float/libsoftdevice_controller_peripheral.a(libsoftdevice_controller_s112_debug_soft__obfuscated.elf)
                0x000000000000064c                sym_PPT6FEOF2T6DRALMCRRTUI7CHLEPBAN25HYV3KQ
 .text          0x000000000000065c       0x20 C:/ncs/v2.7.0/nrfxlib/softdevice_controller/lib/cortex-m4/soft-float/libsoftdevice_controller_peripheral.a(libsoftdevice_controller_s112_debug_soft__obfuscated.elf)
                0x000000000000065c                sym_CEENVC5DZRUT7MGF5LABXKT4NV7YUL5F6EX6TEQ
 .text          0x000000000000067c        0xc C:/ncs/v2.7.0/nrfxlib/softdevice_controller/lib/cortex-m4/soft-float/libsoftdevice_controller_peripheral.a(libsoftdevice_controller_s112_debug_soft__obfuscated.elf)
                0x000000000000067c                sym_G3KVRHCJDVHL7HV53526V3YI3DTK2IW2CADUWZQ
 .text          0x0000000000000688       0x1c C:/ncs/v2.7.0/nrfxlib/softdevice_controller/lib/cortex-m4/soft-float/libsoftdevice_controller_peripheral.a(libsoftdevice_controller_s112_debug_soft__obfuscated.elf)
                0x0000000000000688                sdc_hci_cmd_cb_reset
 .text          0x00000000000006a4       0x48 C:/ncs/v2.7.0/nrfxlib/softdevice_controller/lib/cortex-m4/soft-float/libsoftdevice_controller_peripheral.a(libsoftdevice_controller_s112_debug_soft__obfuscated.elf)
 .text          0x00000000000006ec       0x4c C:/ncs/v2.7.0/nrfxlib/softdevice_controller/lib/cortex-m4/soft-float/libsoftdevice_controller_peripheral.a(libsoftdevice_controller_s112_debug_soft__obfuscated.elf)
 .text          0x0000000000000738       0x48 C:/ncs/v2.7.0/nrfxlib/softdevice_controller/lib/cortex-m4/soft-float/libsoftdevice_controller_peripheral.a(libsoftdevice_controller_s112_debug_soft__obfuscated.elf)
                0x0000000000000738                sym_HJGZHHO77JF3TGWELSVWDOZTFCPAWAJURCFG3IY
 .text          0x0000000000000780       0xa0 C:/ncs/v2.7.0/nrfxlib/softdevice_controller/lib/cortex-m4/soft-float/libsoftdevice_controller_peripheral.a(libsoftdevice_controller_s112_debug_soft__obfuscated.elf)
                0x0000000000000780                sym_XU5SZFZBMUUCUDZEEMM4IFIEXSHIDIGLJZ253XA
 .text          0x0000000000000820       0xe4 C:/ncs/v2.7.0/nrfxlib/softdevice_controller/lib/cortex-m4/soft-float/libsoftdevice_controller_peripheral.a(libsoftdevice_controller_s112_debug_soft__obfuscated.elf)
                0x0000000000000820                sym_EQ53CEL7EDVHMFMHMFPRRQU46C5YKKFEBAACFOA
 .text          0x0000000000000904       0x70 C:/ncs/v2.7.0/nrfxlib/softdevice_controller/lib/cortex-m4/soft-float/libsoftdevice_controller_peripheral.a(libsoftdevice_controller_s112_debug_soft__obfuscated.elf)
                0x0000000000000904                sym_DMJHGENWVWA7ILXIIOOHU6SYMMXUDCUFUUBACLQ
 .text          0x0000000000000974       0x7c C:/ncs/v2.7.0/nrfxlib/softdevice_controller/lib/cortex-m4/soft-float/libsoftdevice_controller_peripheral.a(libsoftdevice_controller_s112_debug_soft__obfuscated.elf)
                0x0000000000000974                sym_7JFC7IFAJQVPYCQHAIUKZ626ISM3VUWBEEXY7WI
 .text          0x00000000000009f0       0x2c C:/ncs/v2.7.0/nrfxlib/softdevice_controller/lib/cortex-m4/soft-float/libsoftdevice_controller_peripheral.a(libsoftdevice_controller_s112_debug_soft__obfuscated.elf)
                0x00000000000009f0                sym_5X75WALYYBUWN4XT5LYOZBIGSZHVNFKF5J4CSQI
 .text          0x0000000000000a1c       0x48 C:/ncs/v2.7.0/nrfxlib/softdevice_controller/lib/cortex-m4/soft-float/libsoftdevice_controller_peripheral.a(libsoftdevice_controller_s112_debug_soft__obfuscated.elf)
                0x0000000000000a1c                sym_4AWF7EXI3MMHUULTY73E756U3IY5DEXOZ265MZY
 .text          0x0000000000000a64       0x40 C:/ncs/v2.7.0/nrfxlib/softdevice_controller/lib/cortex-m4/soft-float/libsoftdevice_controller_peripheral.a(libsoftdevice_controller_s112_debug_soft__obfuscated.elf)
                0x0000000000000a64                sym_6I4XEOIW7LI2E3Z53L54ZHQQHYICXR4H4JQWXLA
 .text          0x0000000000000aa4       0x30 C:/ncs/v2.7.0/nrfxlib/softdevice_controller/lib/cortex-m4/soft-float/libsoftdevice_controller_peripheral.a(libsoftdevice_controller_s112_debug_soft__obfuscated.elf)
                0x0000000000000aa4                sym_6DYG6C6ROXZA67GZINNB2XIQHL3KE2RCKK4QFXA
 .text          0x0000000000000ad4       0x84 C:/ncs/v2.7.0/nrfxlib/softdevice_controller/lib/cortex-m4/soft-float/libsoftdevice_controller_peripheral.a(libsoftdevice_controller_s112_debug_soft__obfuscated.elf)
                0x0000000000000ad4                sym_24NU2MJKHN4R2Z7HXHMPDWTTDYSB32VL6HEQPZA
 .text          0x0000000000000b58       0x80 C:/ncs/v2.7.0/nrfxlib/softdevice_controller/lib/cortex-m4/soft-float/libsoftdevice_controller_peripheral.a(libsoftdevice_controller_s112_debug_soft__obfuscated.elf)
                0x0000000000000b58                sym_YL4RMM7WH2QQSRTLJX7L5Q2F5KYIEZ5IWMCN3UQ
 .text          0x0000000000000bd8       0x58 C:/ncs/v2.7.0/nrfxlib/softdevice_controller/lib/cortex-m4/soft-float/libsoftdevice_controller_peripheral.a(libsoftdevice_controller_s112_debug_soft__obfuscated.elf)
                0x0000000000000bd8                sym_47U6MZ7GC5PU2CVEGYFSZO6JE3OMJD4DVLRAUZQ
 .text          0x0000000000000c30       0xd4 C:/ncs/v2.7.0/nrfxlib/softdevice_controller/lib/cortex-m4/soft-float/libsoftdevice_controller_peripheral.a(libsoftdevice_controller_s112_debug_soft__obfuscated.elf)
                0x0000000000000c30                sym_YBUOIVJGKD57C5J4XCQFOKF4I5XT74ICLDOCNXA
 .text          0x0000000000000d04       0x5c C:/ncs/v2.7.0/nrfxlib/softdevice_controller/lib/cortex-m4/soft-float/libsoftdevice_controller_peripheral.a(libsoftdevice_controller_s112_debug_soft__obfuscated.elf)
                0x0000000000000d04                sym_E5WZNPP2DINHF6K4PHXLYLX5AXTYBQYGQESRSGQ
 .text          0x0000000000000d60        0xc C:/ncs/v2.7.0/nrfxlib/softdevice_controller/lib/cortex-m4/soft-float/libsoftdevice_controller_peripheral.a(libsoftdevice_controller_s112_debug_soft__obfuscated.elf)
                0x0000000000000d60                sym_UAPFH34IEHUX3FGU7LNPEIJNCLAPRJP46TMN4NY
 .text          0x0000000000000d6c      0x144 C:/ncs/v2.7.0/nrfxlib/softdevice_controller/lib/cortex-m4/soft-float/libsoftdevice_controller_peripheral.a(libsoftdevice_controller_s112_debug_soft__obfuscated.elf)
                0x0000000000000d6c                sym_U3OFHSWAAHECAZEDHWSQTU63SOSYAQR6QI45AFY
 .text          0x0000000000000eb0       0x8c C:/ncs/v2.7.0/nrfxlib/softdevice_controller/lib/cortex-m4/soft-float/libsoftdevice_controller_peripheral.a(libsoftdevice_controller_s112_debug_soft__obfuscated.elf)
                0x0000000000000eb0                sym_3LXCSEW4O4NZFGMXLMWXSJJVGEQV4VDRFCVRV4Q
 .text          0x0000000000000f3c       0x1c C:/ncs/v2.7.0/nrfxlib/softdevice_controller/lib/cortex-m4/soft-float/libsoftdevice_controller_peripheral.a(libsoftdevice_controller_s112_debug_soft__obfuscated.elf)
                0x0000000000000f3c                sym_4O3EP57XWWWRY57PVJMDKXNE25ZWFBDV6LLBFQQ
 .text          0x0000000000000f58        0xc C:/ncs/v2.7.0/nrfxlib/softdevice_controller/lib/cortex-m4/soft-float/libsoftdevice_controller_peripheral.a(libsoftdevice_controller_s112_debug_soft__obfuscated.elf)
                0x0000000000000f58                sym_O6J3MUC4KJEDMNJLCC5Z3G5LTC5IHVL4PW7F6QI
 .text          0x0000000000000f64        0xc C:/ncs/v2.7.0/nrfxlib/softdevice_controller/lib/cortex-m4/soft-float/libsoftdevice_controller_peripheral.a(libsoftdevice_controller_s112_debug_soft__obfuscated.elf)
                0x0000000000000f64                sym_YZMCMF2VDK5EZ5GH5K4G77V4XY7KHBJNPGELPVQ
 .text          0x0000000000000f70       0x60 C:/ncs/v2.7.0/nrfxlib/softdevice_controller/lib/cortex-m4/soft-float/libsoftdevice_controller_peripheral.a(libsoftdevice_controller_s112_debug_soft__obfuscated.elf)
                0x0000000000000f70                sym_HRCF6LWSDWPWEZA7S5YQFCNRDXXCJA6WGOZECRY
 .text          0x0000000000000fd0       0x34 C:/ncs/v2.7.0/nrfxlib/softdevice_controller/lib/cortex-m4/soft-float/libsoftdevice_controller_peripheral.a(libsoftdevice_controller_s112_debug_soft__obfuscated.elf)
 .text          0x0000000000001004       0x4c C:/ncs/v2.7.0/nrfxlib/softdevice_controller/lib/cortex-m4/soft-float/libsoftdevice_controller_peripheral.a(libsoftdevice_controller_s112_debug_soft__obfuscated.elf)
                0x0000000000001004                sym_RGKYP5TXYS27EGT6ZHZS5EDDAZK5QGTWLBOBJEA
 .text          0x0000000000001050       0x18 C:/ncs/v2.7.0/nrfxlib/softdevice_controller/lib/cortex-m4/soft-float/libsoftdevice_controller_peripheral.a(libsoftdevice_controller_s112_debug_soft__obfuscated.elf)
                0x0000000000001050                sym_5EMU3BEOS6JCQEXTZ5M5LP72YGJNCV3W3R43AOI
 .text          0x0000000000001068       0xe8 C:/ncs/v2.7.0/nrfxlib/softdevice_controller/lib/cortex-m4/soft-float/libsoftdevice_controller_peripheral.a(libsoftdevice_controller_s112_debug_soft__obfuscated.elf)
                0x0000000000001068                sym_DVO2EX3JGPIV6FVT5SJBVRKA5UGS2QSHNQOVQ2A
 .text          0x0000000000001150      0x100 C:/ncs/v2.7.0/nrfxlib/softdevice_controller/lib/cortex-m4/soft-float/libsoftdevice_controller_peripheral.a(libsoftdevice_controller_s112_debug_soft__obfuscated.elf)
 .text          0x0000000000001250       0x14 C:/ncs/v2.7.0/nrfxlib/softdevice_controller/lib/cortex-m4/soft-float/libsoftdevice_controller_peripheral.a(libsoftdevice_controller_s112_debug_soft__obfuscated.elf)
                0x0000000000001250                sym_Y5RIWFUVP4FHJFYC7FBZKM2MV7INK43TLWQ5URA
 .text          0x0000000000001264      0x190 C:/ncs/v2.7.0/nrfxlib/softdevice_controller/lib/cortex-m4/soft-float/libsoftdevice_controller_peripheral.a(libsoftdevice_controller_s112_debug_soft__obfuscated.elf)
                0x0000000000001264                sym_A32XXMQ5QRPQRH3R656RZXETZB6Y54SG45FSCYI
 .text          0x00000000000013f4       0xc8 C:/ncs/v2.7.0/nrfxlib/softdevice_controller/lib/cortex-m4/soft-float/libsoftdevice_controller_peripheral.a(libsoftdevice_controller_s112_debug_soft__obfuscated.elf)
                0x00000000000013f4                sym_CC522QK4M5MTSPVPJNGJXKYD5O54FC2LFC3D3QI
 .text          0x00000000000014bc       0x2c C:/ncs/v2.7.0/nrfxlib/softdevice_controller/lib/cortex-m4/soft-float/libsoftdevice_controller_peripheral.a(libsoftdevice_controller_s112_debug_soft__obfuscated.elf)
                0x00000000000014bc                sym_XQWU4MX22DPQIRRYTXBNWTH2DBYK7MH33FME7FI
 .text          0x00000000000014e8       0x10 C:/ncs/v2.7.0/nrfxlib/softdevice_controller/lib/cortex-m4/soft-float/libsoftdevice_controller_peripheral.a(libsoftdevice_controller_s112_debug_soft__obfuscated.elf)
                0x00000000000014e8                sym_DVVOECRRYK6EAGDREB2UKKQZT5MAOOUK66XNPTA
 .text          0x00000000000014f8       0x18 C:/ncs/v2.7.0/nrfxlib/softdevice_controller/lib/cortex-m4/soft-float/libsoftdevice_controller_peripheral.a(libsoftdevice_controller_s112_debug_soft__obfuscated.elf)
 .text          0x0000000000001510       0x28 C:/ncs/v2.7.0/nrfxlib/softdevice_controller/lib/cortex-m4/soft-float/libsoftdevice_controller_peripheral.a(libsoftdevice_controller_s112_debug_soft__obfuscated.elf)
                0x0000000000001510                sym_EANB2LFFCPDZUHTPF7SNNYVWVGG3AE7JVOONSTY
 .text          0x0000000000001538        0xc C:/ncs/v2.7.0/nrfxlib/softdevice_controller/lib/cortex-m4/soft-float/libsoftdevice_controller_peripheral.a(libsoftdevice_controller_s112_debug_soft__obfuscated.elf)
                0x0000000000001538                sym_PRWTRTI5GPQHIT26MFBSSOCWTUYYRLQLJWD2ZOI
 .text          0x0000000000001544       0x24 C:/ncs/v2.7.0/nrfxlib/softdevice_controller/lib/cortex-m4/soft-float/libsoftdevice_controller_peripheral.a(libsoftdevice_controller_s112_debug_soft__obfuscated.elf)
                0x0000000000001544                sym_G4TIIR7KO3GHFF45HCHTIL3RIPRK2LVDQADUYJQ
 .text          0x0000000000001568        0xc C:/ncs/v2.7.0/nrfxlib/softdevice_controller/lib/cortex-m4/soft-float/libsoftdevice_controller_peripheral.a(libsoftdevice_controller_s112_debug_soft__obfuscated.elf)
                0x0000000000001568                sym_HG37ZAHWDO2P65KBJXRLV5PVSG5TCUWPMKZOZLQ
 .text          0x0000000000001574       0x24 C:/ncs/v2.7.0/nrfxlib/softdevice_controller/lib/cortex-m4/soft-float/libsoftdevice_controller_peripheral.a(libsoftdevice_controller_s112_debug_soft__obfuscated.elf)
                0x0000000000001574                sym_4W26TPGCKOCVVRKXQDBKGXGC2Y5LMZXNKS2QITA
 .text          0x0000000000001598        0xc C:/ncs/v2.7.0/nrfxlib/softdevice_controller/lib/cortex-m4/soft-float/libsoftdevice_controller_peripheral.a(libsoftdevice_controller_s112_debug_soft__obfuscated.elf)
                0x0000000000001598                sym_PBZPB3PSJJYSQQW7TH2XDGNLD2UYSZR6YJ4ZZNQ
 .text          0x00000000000015a4       0x14 C:/ncs/v2.7.0/nrfxlib/softdevice_controller/lib/cortex-m4/soft-float/libsoftdevice_controller_peripheral.a(libsoftdevice_controller_s112_debug_soft__obfuscated.elf)
                0x00000000000015a4                sym_HA7EOSELAQYVMG5UXMJGQLLFEIRQPB7MNOSYOXQ
 .text          0x00000000000015b8       0x30 C:/ncs/v2.7.0/nrfxlib/softdevice_controller/lib/cortex-m4/soft-float/libsoftdevice_controller_peripheral.a(libsoftdevice_controller_s112_debug_soft__obfuscated.elf)
                0x00000000000015b8                sym_MJMICEV3AHUJUDNI6JLXYNXCJNL4PTPUQLXISYA
 .text          0x00000000000015e8       0x1c C:/ncs/v2.7.0/nrfxlib/softdevice_controller/lib/cortex-m4/soft-float/libsoftdevice_controller_peripheral.a(libsoftdevice_controller_s112_debug_soft__obfuscated.elf)
                0x00000000000015e8                sym_REO6MG4FRJTNQQ56RDJDYGEWFEO5TFVYGRW6OLI
 .text          0x0000000000001604       0x30 C:/ncs/v2.7.0/nrfxlib/softdevice_controller/lib/cortex-m4/soft-float/libsoftdevice_controller_peripheral.a(libsoftdevice_controller_s112_debug_soft__obfuscated.elf)
                0x0000000000001604                sym_QKSVBALUN2V4XT4OCC56LE75IAYLDFRRIVLBZ2Q
 .text          0x0000000000001634       0x30 C:/ncs/v2.7.0/nrfxlib/softdevice_controller/lib/cortex-m4/soft-float/libsoftdevice_controller_peripheral.a(libsoftdevice_controller_s112_debug_soft__obfuscated.elf)
                0x0000000000001634                sym_WCOWXKSKBH7DOKKKINFZAPWXKW4NYAUCJWTUKBI
 .text          0x0000000000001664       0x1c C:/ncs/v2.7.0/nrfxlib/softdevice_controller/lib/cortex-m4/soft-float/libsoftdevice_controller_peripheral.a(libsoftdevice_controller_s112_debug_soft__obfuscated.elf)
                0x0000000000001664                sym_AO3U45UEGFLUPMT565ZR5UWUQUONF5AKILLCT3A
 .text          0x0000000000001680       0x48 C:/ncs/v2.7.0/nrfxlib/softdevice_controller/lib/cortex-m4/soft-float/libsoftdevice_controller_peripheral.a(libsoftdevice_controller_s112_debug_soft__obfuscated.elf)
 .text          0x00000000000016c8       0x2c C:/ncs/v2.7.0/nrfxlib/softdevice_controller/lib/cortex-m4/soft-float/libsoftdevice_controller_peripheral.a(libsoftdevice_controller_s112_debug_soft__obfuscated.elf)
 .text          0x00000000000016f4       0x9c C:/ncs/v2.7.0/nrfxlib/softdevice_controller/lib/cortex-m4/soft-float/libsoftdevice_controller_peripheral.a(libsoftdevice_controller_s112_debug_soft__obfuscated.elf)
 .text          0x0000000000001790       0xc0 C:/ncs/v2.7.0/nrfxlib/softdevice_controller/lib/cortex-m4/soft-float/libsoftdevice_controller_peripheral.a(libsoftdevice_controller_s112_debug_soft__obfuscated.elf)
 .text          0x0000000000001850       0x18 C:/ncs/v2.7.0/nrfxlib/softdevice_controller/lib/cortex-m4/soft-float/libsoftdevice_controller_peripheral.a(libsoftdevice_controller_s112_debug_soft__obfuscated.elf)
                0x0000000000001850                sym_BEUFSWAQKCWS5CDGVZRIC3BRKSTHGOKRJJDB32I
 .text          0x0000000000001868       0x18 C:/ncs/v2.7.0/nrfxlib/softdevice_controller/lib/cortex-m4/soft-float/libsoftdevice_controller_peripheral.a(libsoftdevice_controller_s112_debug_soft__obfuscated.elf)
                0x0000000000001868                sym_BAUTABQSJLBAZ6GNH7KOF4MJMAA6NF7CDAZNOEQ
 .text          0x0000000000001880       0x20 C:/ncs/v2.7.0/nrfxlib/softdevice_controller/lib/cortex-m4/soft-float/libsoftdevice_controller_peripheral.a(libsoftdevice_controller_s112_debug_soft__obfuscated.elf)
                0x0000000000001880                sym_62DUXM4M5AM4URNPP7IKDX3NCPAODBT4BMADGAY
 .text          0x00000000000018a0        0xc C:/ncs/v2.7.0/nrfxlib/softdevice_controller/lib/cortex-m4/soft-float/libsoftdevice_controller_peripheral.a(libsoftdevice_controller_s112_debug_soft__obfuscated.elf)
                0x00000000000018a0                sym_JQOBED6Y6P46KNYF2UD53QPDVNRPPOKMQL6EEBY
 .text          0x00000000000018ac        0xc C:/ncs/v2.7.0/nrfxlib/softdevice_controller/lib/cortex-m4/soft-float/libsoftdevice_controller_peripheral.a(libsoftdevice_controller_s112_debug_soft__obfuscated.elf)
                0x00000000000018ac                sym_RHRHCWPUPZHCOID576WBS7QZ2KAUT2GASS2T3QY
 .text          0x00000000000018b8       0x30 C:/ncs/v2.7.0/nrfxlib/softdevice_controller/lib/cortex-m4/soft-float/libsoftdevice_controller_peripheral.a(libsoftdevice_controller_s112_debug_soft__obfuscated.elf)
                0x00000000000018b8                sym_YAOI5BW7G2C6EUUY2B4S7A3CWX63A6MP2T3O5KA
 .text          0x00000000000018e8       0x24 C:/ncs/v2.7.0/nrfxlib/softdevice_controller/lib/cortex-m4/soft-float/libsoftdevice_controller_peripheral.a(libsoftdevice_controller_s112_debug_soft__obfuscated.elf)
                0x00000000000018e8                sym_2X6ZBBHQKFJV27I6OQZLD4IRAL5JANEGA5N34WA
 .text          0x000000000000190c       0xc8 C:/ncs/v2.7.0/nrfxlib/softdevice_controller/lib/cortex-m4/soft-float/libsoftdevice_controller_peripheral.a(libsoftdevice_controller_s112_debug_soft__obfuscated.elf)
                0x000000000000190c                sym_ZBPJ22BXDBC3S7A4QI6WOFWFQMYIGT2P4GNU3XA
 .text          0x00000000000019d4       0x24 C:/ncs/v2.7.0/nrfxlib/softdevice_controller/lib/cortex-m4/soft-float/libsoftdevice_controller_peripheral.a(libsoftdevice_controller_s112_debug_soft__obfuscated.elf)
                0x00000000000019d4                sym_DHR6XELGSD2MHYS7JWGEPSKXD43VLKKJDN33HMA
 .text          0x00000000000019f8       0x20 C:/ncs/v2.7.0/nrfxlib/softdevice_controller/lib/cortex-m4/soft-float/libsoftdevice_controller_peripheral.a(libsoftdevice_controller_s112_debug_soft__obfuscated.elf)
                0x00000000000019f8                sym_QEQGMTIGG3AOZQY7JM4T2FY2O3KM2UFUMT6Q7PI
 .text          0x0000000000001a18       0x54 C:/ncs/v2.7.0/nrfxlib/softdevice_controller/lib/cortex-m4/soft-float/libsoftdevice_controller_peripheral.a(libsoftdevice_controller_s112_debug_soft__obfuscated.elf)
 .text          0x0000000000001a6c       0xcc C:/ncs/v2.7.0/nrfxlib/softdevice_controller/lib/cortex-m4/soft-float/libsoftdevice_controller_peripheral.a(libsoftdevice_controller_s112_debug_soft__obfuscated.elf)
                0x0000000000001a6c                sym_4NT3PFFI5Z6RN57T2HW54HJZ23JEQUTUQPJLJGI
 .text          0x0000000000001b38       0x24 C:/ncs/v2.7.0/nrfxlib/softdevice_controller/lib/cortex-m4/soft-float/libsoftdevice_controller_peripheral.a(libsoftdevice_controller_s112_debug_soft__obfuscated.elf)
                0x0000000000001b38                sym_MYZDSWHZMVTUGPWK7CFFVMNCPRPZBKC3UH2GTLQ
 .text          0x0000000000001b5c       0x10 C:/ncs/v2.7.0/nrfxlib/softdevice_controller/lib/cortex-m4/soft-float/libsoftdevice_controller_peripheral.a(libsoftdevice_controller_s112_debug_soft__obfuscated.elf)
                0x0000000000001b5c                sym_JANNQMW3JZGYLNSOPAA2HBYBA6JBSX4W7VBR56Q
 .text          0x0000000000001b6c       0x20 C:/ncs/v2.7.0/nrfxlib/softdevice_controller/lib/cortex-m4/soft-float/libsoftdevice_controller_peripheral.a(libsoftdevice_controller_s112_debug_soft__obfuscated.elf)
                0x0000000000001b6c                sym_MAOKHHVPGVT23KVRN33B7KPEJU6F55EB66KOGDQ
 .text          0x0000000000001b8c       0x20 C:/ncs/v2.7.0/nrfxlib/softdevice_controller/lib/cortex-m4/soft-float/libsoftdevice_controller_peripheral.a(libsoftdevice_controller_s112_debug_soft__obfuscated.elf)
                0x0000000000001b8c                sym_S635TH4ZNECIWRKFWYBUXBZ3GFP7WORE4PRXDPQ
 .text          0x0000000000001bac       0x2c C:/ncs/v2.7.0/nrfxlib/softdevice_controller/lib/cortex-m4/soft-float/libsoftdevice_controller_peripheral.a(libsoftdevice_controller_s112_debug_soft__obfuscated.elf)
 .text          0x0000000000001bd8       0x44 C:/ncs/v2.7.0/nrfxlib/softdevice_controller/lib/cortex-m4/soft-float/libsoftdevice_controller_peripheral.a(libsoftdevice_controller_s112_debug_soft__obfuscated.elf)
 .text          0x0000000000001c1c       0x10 C:/ncs/v2.7.0/nrfxlib/softdevice_controller/lib/cortex-m4/soft-float/libsoftdevice_controller_peripheral.a(libsoftdevice_controller_s112_debug_soft__obfuscated.elf)
                0x0000000000001c1c                sym_VKBDHCW5KWYFAEZJJBKQNHH4JDURIHHEJCK4SOA
 .text          0x0000000000001c2c      0x14c C:/ncs/v2.7.0/nrfxlib/softdevice_controller/lib/cortex-m4/soft-float/libsoftdevice_controller_peripheral.a(libsoftdevice_controller_s112_debug_soft__obfuscated.elf)
                0x0000000000001c2c                sym_XOOTGCSEAKA3PUKZW3QYB4DCVC2FKUP2TS5AZ5Q
 .text          0x0000000000001d78       0x30 C:/ncs/v2.7.0/nrfxlib/softdevice_controller/lib/cortex-m4/soft-float/libsoftdevice_controller_peripheral.a(libsoftdevice_controller_s112_debug_soft__obfuscated.elf)
                0x0000000000001d78                sym_K5GMJMBHBYPRCUIWKNEXGPSNQEZKEMBAP4JWHBQ
 .text          0x0000000000001da8       0x30 C:/ncs/v2.7.0/nrfxlib/softdevice_controller/lib/cortex-m4/soft-float/libsoftdevice_controller_peripheral.a(libsoftdevice_controller_s112_debug_soft__obfuscated.elf)
                0x0000000000001da8                sym_7LZ5OF5UTH4WGXV6IKS6GUUHKYRIWQTTIJXNBEY
 .text          0x0000000000001dd8       0x30 C:/ncs/v2.7.0/nrfxlib/softdevice_controller/lib/cortex-m4/soft-float/libsoftdevice_controller_peripheral.a(libsoftdevice_controller_s112_debug_soft__obfuscated.elf)
                0x0000000000001dd8                sym_77ICNIHY2R2L3JRP4ZLMOWZSS3UZRKJXJOBWTWI
 .text          0x0000000000001e08       0x88 C:/ncs/v2.7.0/nrfxlib/softdevice_controller/lib/cortex-m4/soft-float/libsoftdevice_controller_peripheral.a(libsoftdevice_controller_s112_debug_soft__obfuscated.elf)
 .text          0x0000000000001e90       0x24 C:/ncs/v2.7.0/nrfxlib/softdevice_controller/lib/cortex-m4/soft-float/libsoftdevice_controller_peripheral.a(libsoftdevice_controller_s112_debug_soft__obfuscated.elf)
                0x0000000000001e90                sym_ECAFXV3NMZ2THIWY27PTYY6WSGFWQJNAJOG5HIY
 .text          0x0000000000001eb4        0xc C:/ncs/v2.7.0/nrfxlib/softdevice_controller/lib/cortex-m4/soft-float/libsoftdevice_controller_peripheral.a(libsoftdevice_controller_s112_debug_soft__obfuscated.elf)
                0x0000000000001eb4                sym_FKU5SDIGNJ3CUR3VYEELCK5CK3EK42NLF7KQXSQ
 .text          0x0000000000001ec0        0xc C:/ncs/v2.7.0/nrfxlib/softdevice_controller/lib/cortex-m4/soft-float/libsoftdevice_controller_peripheral.a(libsoftdevice_controller_s112_debug_soft__obfuscated.elf)
                0x0000000000001ec0                sym_MD2ACKWOI3UMWSI6IONGH6VN62ROA3VVQP7HYBQ
 .text          0x0000000000001ecc       0x60 C:/ncs/v2.7.0/nrfxlib/softdevice_controller/lib/cortex-m4/soft-float/libsoftdevice_controller_peripheral.a(libsoftdevice_controller_s112_debug_soft__obfuscated.elf)
                0x0000000000001ecc                sym_VT36OYILRYR2ODZV34U7WHVGGSRS7VN6JG7WPYI
 .text          0x0000000000001f2c       0x48 C:/ncs/v2.7.0/nrfxlib/softdevice_controller/lib/cortex-m4/soft-float/libsoftdevice_controller_peripheral.a(libsoftdevice_controller_s112_debug_soft__obfuscated.elf)
                0x0000000000001f2c                sym_3BV6HS2RZST6R6C5ZWOISO6OTZHTSW3BAFXBSVQ
 .text          0x0000000000001f74       0x24 C:/ncs/v2.7.0/nrfxlib/softdevice_controller/lib/cortex-m4/soft-float/libsoftdevice_controller_peripheral.a(libsoftdevice_controller_s112_debug_soft__obfuscated.elf)
 .text          0x0000000000001f98       0x68 C:/ncs/v2.7.0/nrfxlib/softdevice_controller/lib/cortex-m4/soft-float/libsoftdevice_controller_peripheral.a(libsoftdevice_controller_s112_debug_soft__obfuscated.elf)
 .text          0x0000000000002000       0x44 C:/ncs/v2.7.0/nrfxlib/softdevice_controller/lib/cortex-m4/soft-float/libsoftdevice_controller_peripheral.a(libsoftdevice_controller_s112_debug_soft__obfuscated.elf)
 .text          0x0000000000002044       0xac C:/ncs/v2.7.0/nrfxlib/softdevice_controller/lib/cortex-m4/soft-float/libsoftdevice_controller_peripheral.a(libsoftdevice_controller_s112_debug_soft__obfuscated.elf)
 .text          0x00000000000020f0       0x54 C:/ncs/v2.7.0/nrfxlib/softdevice_controller/lib/cortex-m4/soft-float/libsoftdevice_controller_peripheral.a(libsoftdevice_controller_s112_debug_soft__obfuscated.elf)
 .text          0x0000000000002144       0x28 C:/ncs/v2.7.0/nrfxlib/softdevice_controller/lib/cortex-m4/soft-float/libsoftdevice_controller_peripheral.a(libsoftdevice_controller_s112_debug_soft__obfuscated.elf)
 .text          0x000000000000216c      0x120 C:/ncs/v2.7.0/nrfxlib/softdevice_controller/lib/cortex-m4/soft-float/libsoftdevice_controller_peripheral.a(libsoftdevice_controller_s112_debug_soft__obfuscated.elf)
 .text          0x000000000000228c       0xd4 C:/ncs/v2.7.0/nrfxlib/softdevice_controller/lib/cortex-m4/soft-float/libsoftdevice_controller_peripheral.a(libsoftdevice_controller_s112_debug_soft__obfuscated.elf)
 .text          0x0000000000002360      0x188 C:/ncs/v2.7.0/nrfxlib/softdevice_controller/lib/cortex-m4/soft-float/libsoftdevice_controller_peripheral.a(libsoftdevice_controller_s112_debug_soft__obfuscated.elf)
 .text          0x00000000000024e8       0x48 C:/ncs/v2.7.0/nrfxlib/softdevice_controller/lib/cortex-m4/soft-float/libsoftdevice_controller_peripheral.a(libsoftdevice_controller_s112_debug_soft__obfuscated.elf)
 .text          0x0000000000002530       0x10 C:/ncs/v2.7.0/nrfxlib/softdevice_controller/lib/cortex-m4/soft-float/libsoftdevice_controller_peripheral.a(libsoftdevice_controller_s112_debug_soft__obfuscated.elf)
 .text          0x0000000000002540       0x34 C:/ncs/v2.7.0/nrfxlib/softdevice_controller/lib/cortex-m4/soft-float/libsoftdevice_controller_peripheral.a(libsoftdevice_controller_s112_debug_soft__obfuscated.elf)
 .text          0x0000000000002574       0x2c C:/ncs/v2.7.0/nrfxlib/softdevice_controller/lib/cortex-m4/soft-float/libsoftdevice_controller_peripheral.a(libsoftdevice_controller_s112_debug_soft__obfuscated.elf)
                0x0000000000002574                sym_4WIY2RAFLOZNOS4O5BEVWEYHIO3NV42IZ2Q2NWQ
 .text          0x00000000000025a0       0x2c C:/ncs/v2.7.0/nrfxlib/softdevice_controller/lib/cortex-m4/soft-float/libsoftdevice_controller_peripheral.a(libsoftdevice_controller_s112_debug_soft__obfuscated.elf)
                0x00000000000025a0                sym_KC3JIKE7HTERE3Q3BXMRUIDPAENUZKVBIDO6ODY
 .text          0x00000000000025cc       0x10 C:/ncs/v2.7.0/nrfxlib/softdevice_controller/lib/cortex-m4/soft-float/libsoftdevice_controller_peripheral.a(libsoftdevice_controller_s112_debug_soft__obfuscated.elf)
                0x00000000000025cc                sym_BPVIPCP3IMFHHNRASYWRUQPTOXIXQGWP3DTKXWI
 .text          0x00000000000025dc       0xb4 C:/ncs/v2.7.0/nrfxlib/softdevice_controller/lib/cortex-m4/soft-float/libsoftdevice_controller_peripheral.a(libsoftdevice_controller_s112_debug_soft__obfuscated.elf)
                0x00000000000025dc                sym_JIJASGQH4XEEPZL7D35VQHVPKKLANGDBS2M46NQ
 .text          0x0000000000002690      0x1b4 C:/ncs/v2.7.0/nrfxlib/softdevice_controller/lib/cortex-m4/soft-float/libsoftdevice_controller_peripheral.a(libsoftdevice_controller_s112_debug_soft__obfuscated.elf)
                0x0000000000002690                sym_KBJ4SX4MJK4IAM4DI3ILSISVXIP6O72O62TW3OQ
 .text          0x0000000000002844       0x10 C:/ncs/v2.7.0/nrfxlib/softdevice_controller/lib/cortex-m4/soft-float/libsoftdevice_controller_peripheral.a(libsoftdevice_controller_s112_debug_soft__obfuscated.elf)
                0x0000000000002844                sym_PY5KUATPBYOYJBMP6H7AVRPSEO7BZX2JK524O6A
 .text          0x0000000000002854       0x3c C:/ncs/v2.7.0/nrfxlib/softdevice_controller/lib/cortex-m4/soft-float/libsoftdevice_controller_peripheral.a(libsoftdevice_controller_s112_debug_soft__obfuscated.elf)
                0x0000000000002854                sym_RPDYS5TXULS3Z2BQR7IFNSOINXPPN4LN764SRIY
 .text          0x0000000000002890        0x4 C:/ncs/v2.7.0/nrfxlib/softdevice_controller/lib/cortex-m4/soft-float/libsoftdevice_controller_peripheral.a(libsoftdevice_controller_s112_debug_soft__obfuscated.elf)
 .text          0x0000000000002894        0x8 C:/ncs/v2.7.0/nrfxlib/softdevice_controller/lib/cortex-m4/soft-float/libsoftdevice_controller_peripheral.a(libsoftdevice_controller_s112_debug_soft__obfuscated.elf)
 .text          0x000000000000289c        0x4 C:/ncs/v2.7.0/nrfxlib/softdevice_controller/lib/cortex-m4/soft-float/libsoftdevice_controller_peripheral.a(libsoftdevice_controller_s112_debug_soft__obfuscated.elf)
 .text          0x00000000000028a0       0x18 C:/ncs/v2.7.0/nrfxlib/softdevice_controller/lib/cortex-m4/soft-float/libsoftdevice_controller_peripheral.a(libsoftdevice_controller_s112_debug_soft__obfuscated.elf)
 .text          0x00000000000028b8       0x40 C:/ncs/v2.7.0/nrfxlib/softdevice_controller/lib/cortex-m4/soft-float/libsoftdevice_controller_peripheral.a(libsoftdevice_controller_s112_debug_soft__obfuscated.elf)
                0x00000000000028b8                sym_6FVWF5AWPR7EN7BPHS4APSIUXYFZQTTZCMRDKPY
 .text          0x00000000000028f8       0x60 C:/ncs/v2.7.0/nrfxlib/softdevice_controller/lib/cortex-m4/soft-float/libsoftdevice_controller_peripheral.a(libsoftdevice_controller_s112_debug_soft__obfuscated.elf)
                0x00000000000028f8                sym_CWVFJQ3UTS5MGUYKHB563UDBBB3FBCXUIVZDU2I
 .text          0x0000000000002958       0x58 C:/ncs/v2.7.0/nrfxlib/softdevice_controller/lib/cortex-m4/soft-float/libsoftdevice_controller_peripheral.a(libsoftdevice_controller_s112_debug_soft__obfuscated.elf)
                0x0000000000002958                sym_TLMTJNRYMIPTFJ2BLGCEHSZKVDBLFBSNMQEHHZI
 .text          0x00000000000029b0       0x20 C:/ncs/v2.7.0/nrfxlib/softdevice_controller/lib/cortex-m4/soft-float/libsoftdevice_controller_peripheral.a(libsoftdevice_controller_s112_debug_soft__obfuscated.elf)
 .text          0x00000000000029d0       0x14 C:/ncs/v2.7.0/nrfxlib/softdevice_controller/lib/cortex-m4/soft-float/libsoftdevice_controller_peripheral.a(libsoftdevice_controller_s112_debug_soft__obfuscated.elf)
                0x00000000000029d0                sym_LOTFHGQTFUFWGX7HOTL4Q2XATGIJRVIMCMOYRMA
 .text          0x00000000000029e4       0x30 C:/ncs/v2.7.0/nrfxlib/softdevice_controller/lib/cortex-m4/soft-float/libsoftdevice_controller_peripheral.a(libsoftdevice_controller_s112_debug_soft__obfuscated.elf)
                0x00000000000029e4                sym_MDF364N4PQDEA5ZGP5CB3ZDZVZM5Q32KSEZZ5HI
 .text          0x0000000000002a14       0x34 C:/ncs/v2.7.0/nrfxlib/softdevice_controller/lib/cortex-m4/soft-float/libsoftdevice_controller_peripheral.a(libsoftdevice_controller_s112_debug_soft__obfuscated.elf)
                0x0000000000002a14                sym_XCEN5K7VEI2CAO42XW7S3FKM3HKMOCDCUFDX25Y
 .text          0x0000000000002a48       0x44 C:/ncs/v2.7.0/nrfxlib/softdevice_controller/lib/cortex-m4/soft-float/libsoftdevice_controller_peripheral.a(libsoftdevice_controller_s112_debug_soft__obfuscated.elf)
                0x0000000000002a48                sym_5DEPI2OGSPXE5OVFBPVFPSPYPRYUQ54QVVXIKNI
 .text          0x0000000000002a8c       0x34 C:/ncs/v2.7.0/nrfxlib/softdevice_controller/lib/cortex-m4/soft-float/libsoftdevice_controller_peripheral.a(libsoftdevice_controller_s112_debug_soft__obfuscated.elf)
                0x0000000000002a8c                sym_KZ5CVONZGMGIGNMI7YD6HLN3FXAAJK6OMEJW6BQ
 .text          0x0000000000002ac0       0x28 C:/ncs/v2.7.0/nrfxlib/softdevice_controller/lib/cortex-m4/soft-float/libsoftdevice_controller_peripheral.a(libsoftdevice_controller_s112_debug_soft__obfuscated.elf)
                0x0000000000002ac0                sym_ZQHB3ANU2DANFLJZLZL5U4SPQ2ZDVUAHI35744Y
 .text          0x0000000000002ae8       0x10 C:/ncs/v2.7.0/nrfxlib/softdevice_controller/lib/cortex-m4/soft-float/libsoftdevice_controller_peripheral.a(libsoftdevice_controller_s112_debug_soft__obfuscated.elf)
                0x0000000000002ae8                sym_TRMXENGHOH4VBQQZPIN222FLCEFU3Z3CD5C47DY
 .text          0x0000000000002af8       0x28 C:/ncs/v2.7.0/nrfxlib/softdevice_controller/lib/cortex-m4/soft-float/libsoftdevice_controller_peripheral.a(libsoftdevice_controller_s112_debug_soft__obfuscated.elf)
                0x0000000000002af8                sym_VIDE7XVSTT4HHX2MQJX6VUVABAKVNGIPRTLRLEQ
 .text          0x0000000000002b20       0x3c C:/ncs/v2.7.0/nrfxlib/softdevice_controller/lib/cortex-m4/soft-float/libsoftdevice_controller_peripheral.a(libsoftdevice_controller_s112_debug_soft__obfuscated.elf)
                0x0000000000002b20                sym_XPKSFPKFBNSTZZU4FUMGC3XRHAVS24BBL53HRMA
 .text          0x0000000000002b5c       0x60 C:/ncs/v2.7.0/nrfxlib/softdevice_controller/lib/cortex-m4/soft-float/libsoftdevice_controller_peripheral.a(libsoftdevice_controller_s112_debug_soft__obfuscated.elf)
                0x0000000000002b5c                sym_6Q45YYTUN2KDQ5V5UGE3T2LTI5FNGX6WIJYLIDI
 .text          0x0000000000002bbc       0x28 C:/ncs/v2.7.0/nrfxlib/softdevice_controller/lib/cortex-m4/soft-float/libsoftdevice_controller_peripheral.a(libsoftdevice_controller_s112_debug_soft__obfuscated.elf)
 .text          0x0000000000002be4       0x10 C:/ncs/v2.7.0/nrfxlib/softdevice_controller/lib/cortex-m4/soft-float/libsoftdevice_controller_peripheral.a(libsoftdevice_controller_s112_debug_soft__obfuscated.elf)
 .text          0x0000000000002bf4       0x54 C:/ncs/v2.7.0/nrfxlib/softdevice_controller/lib/cortex-m4/soft-float/libsoftdevice_controller_peripheral.a(libsoftdevice_controller_s112_debug_soft__obfuscated.elf)
 .text          0x0000000000002c48       0x30 C:/ncs/v2.7.0/nrfxlib/softdevice_controller/lib/cortex-m4/soft-float/libsoftdevice_controller_peripheral.a(libsoftdevice_controller_s112_debug_soft__obfuscated.elf)
 .text          0x0000000000002c78       0x34 C:/ncs/v2.7.0/nrfxlib/softdevice_controller/lib/cortex-m4/soft-float/libsoftdevice_controller_peripheral.a(libsoftdevice_controller_s112_debug_soft__obfuscated.elf)
 .text          0x0000000000002cac       0x4c C:/ncs/v2.7.0/nrfxlib/softdevice_controller/lib/cortex-m4/soft-float/libsoftdevice_controller_peripheral.a(libsoftdevice_controller_s112_debug_soft__obfuscated.elf)
 .text          0x0000000000002cf8       0x60 C:/ncs/v2.7.0/nrfxlib/softdevice_controller/lib/cortex-m4/soft-float/libsoftdevice_controller_peripheral.a(libsoftdevice_controller_s112_debug_soft__obfuscated.elf)
 .text          0x0000000000002d58       0x28 C:/ncs/v2.7.0/nrfxlib/softdevice_controller/lib/cortex-m4/soft-float/libsoftdevice_controller_peripheral.a(libsoftdevice_controller_s112_debug_soft__obfuscated.elf)
 .text          0x0000000000002d80       0x38 C:/ncs/v2.7.0/nrfxlib/softdevice_controller/lib/cortex-m4/soft-float/libsoftdevice_controller_peripheral.a(libsoftdevice_controller_s112_debug_soft__obfuscated.elf)
 .text          0x0000000000002db8       0x20 C:/ncs/v2.7.0/nrfxlib/softdevice_controller/lib/cortex-m4/soft-float/libsoftdevice_controller_peripheral.a(libsoftdevice_controller_s112_debug_soft__obfuscated.elf)
 .text          0x0000000000002dd8       0x4c C:/ncs/v2.7.0/nrfxlib/softdevice_controller/lib/cortex-m4/soft-float/libsoftdevice_controller_peripheral.a(libsoftdevice_controller_s112_debug_soft__obfuscated.elf)
 .text          0x0000000000002e24       0x50 C:/ncs/v2.7.0/nrfxlib/softdevice_controller/lib/cortex-m4/soft-float/libsoftdevice_controller_peripheral.a(libsoftdevice_controller_s112_debug_soft__obfuscated.elf)
 .text          0x0000000000002e74       0x74 C:/ncs/v2.7.0/nrfxlib/softdevice_controller/lib/cortex-m4/soft-float/libsoftdevice_controller_peripheral.a(libsoftdevice_controller_s112_debug_soft__obfuscated.elf)
                0x0000000000002e74                sym_RUQBFILZ5CHV2AAL6C3D2J5Y33TCCAPZTHBGZ3A
 .text          0x0000000000002ee8       0x10 C:/ncs/v2.7.0/nrfxlib/softdevice_controller/lib/cortex-m4/soft-float/libsoftdevice_controller_peripheral.a(libsoftdevice_controller_s112_debug_soft__obfuscated.elf)
                0x0000000000002ee8                sym_DRIMECVE2FH7O6C2LQ25QRVJOICPHLA5GC6TM2I
 .text          0x0000000000002ef8       0x2c C:/ncs/v2.7.0/nrfxlib/softdevice_controller/lib/cortex-m4/soft-float/libsoftdevice_controller_peripheral.a(libsoftdevice_controller_s112_debug_soft__obfuscated.elf)
                0x0000000000002ef8                sym_RSWA3KDPDNEX2QOFCEQGJOF7JZOR274BWTEY2JA
 .text          0x0000000000002f24       0x44 C:/ncs/v2.7.0/nrfxlib/softdevice_controller/lib/cortex-m4/soft-float/libsoftdevice_controller_peripheral.a(libsoftdevice_controller_s112_debug_soft__obfuscated.elf)
                0x0000000000002f24                sym_5M4NZWSJ6BHHJZLT6EUU64HNZ2KEYYSTH2RKH5I
 .text          0x0000000000002f68       0x58 C:/ncs/v2.7.0/nrfxlib/softdevice_controller/lib/cortex-m4/soft-float/libsoftdevice_controller_peripheral.a(libsoftdevice_controller_s112_debug_soft__obfuscated.elf)
                0x0000000000002f68                sym_5CHOZAQ75MOW32NPEGX5AYLDFVQR6HZCDXZY5PQ
 .text          0x0000000000002fc0      0x124 C:/ncs/v2.7.0/nrfxlib/softdevice_controller/lib/cortex-m4/soft-float/libsoftdevice_controller_peripheral.a(libsoftdevice_controller_s112_debug_soft__obfuscated.elf)
                0x0000000000002fc0                sym_JQ5GTNCJKXERB3SSKQRXLQOKWJQVRNEOVZZZVXI
 .text          0x00000000000030e4        0xc C:/ncs/v2.7.0/nrfxlib/softdevice_controller/lib/cortex-m4/soft-float/libsoftdevice_controller_peripheral.a(libsoftdevice_controller_s112_debug_soft__obfuscated.elf)
                0x00000000000030e4                sym_HE5JGYEZFIITGQL7PMATDHSORSCK7HJIY5UXOZA
 .text          0x00000000000030f0       0x14 C:/ncs/v2.7.0/nrfxlib/softdevice_controller/lib/cortex-m4/soft-float/libsoftdevice_controller_peripheral.a(libsoftdevice_controller_s112_debug_soft__obfuscated.elf)
                0x00000000000030f0                sym_YLRTPBVG5ROXKOW4KXUYITRUY3FD2MVZW5LF7ZA
 .text          0x0000000000003104       0x38 C:/ncs/v2.7.0/nrfxlib/softdevice_controller/lib/cortex-m4/soft-float/libsoftdevice_controller_peripheral.a(libsoftdevice_controller_s112_debug_soft__obfuscated.elf)
                0x0000000000003104                sym_GVSNNBZMBIJOMUA3FPIAVVC7S5MNBYUF4QELXZA
 .text          0x000000000000313c        0xc C:/ncs/v2.7.0/nrfxlib/softdevice_controller/lib/cortex-m4/soft-float/libsoftdevice_controller_peripheral.a(libsoftdevice_controller_s112_debug_soft__obfuscated.elf)
                0x000000000000313c                sym_ZQE76VUU7S5U7DETTZA65E75LHFWL5PGRN4JPHI
 .text          0x0000000000003148       0x78 C:/ncs/v2.7.0/nrfxlib/softdevice_controller/lib/cortex-m4/soft-float/libsoftdevice_controller_peripheral.a(libsoftdevice_controller_s112_debug_soft__obfuscated.elf)
                0x0000000000003148                sym_6PPYXQQOLTVZ6DHASA45P4Y6MOJ5US37OHECCGI
 .text          0x00000000000031c0       0x94 C:/ncs/v2.7.0/nrfxlib/softdevice_controller/lib/cortex-m4/soft-float/libsoftdevice_controller_peripheral.a(libsoftdevice_controller_s112_debug_soft__obfuscated.elf)
                0x00000000000031c0                sym_A5S3P57NWYYY5XJWBYERU6H4QSVP5TCTU7HKA5Y
 .text          0x0000000000003254       0x8c C:/ncs/v2.7.0/nrfxlib/softdevice_controller/lib/cortex-m4/soft-float/libsoftdevice_controller_peripheral.a(libsoftdevice_controller_s112_debug_soft__obfuscated.elf)
                0x0000000000003254                sym_2YSDS7VWGMSD5CN64D2VGQIYXBV3A6NJCHWFZEY
 .text          0x00000000000032e0       0xd0 C:/ncs/v2.7.0/nrfxlib/softdevice_controller/lib/cortex-m4/soft-float/libsoftdevice_controller_peripheral.a(libsoftdevice_controller_s112_debug_soft__obfuscated.elf)
                0x00000000000032e0                sym_WJZCKVDJU3WW5NVNH77DPRGYVZQLD372GLDYO6I
 .text          0x00000000000033b0       0xf8 C:/ncs/v2.7.0/nrfxlib/softdevice_controller/lib/cortex-m4/soft-float/libsoftdevice_controller_peripheral.a(libsoftdevice_controller_s112_debug_soft__obfuscated.elf)
                0x00000000000033b0                sym_E7IS652W2J5N5UTHP752WOA4YNSR7E5S5H4J2AA
 .text          0x00000000000034a8        0xc C:/ncs/v2.7.0/nrfxlib/softdevice_controller/lib/cortex-m4/soft-float/libsoftdevice_controller_peripheral.a(libsoftdevice_controller_s112_debug_soft__obfuscated.elf)
                0x00000000000034a8                sym_XD56LJG2JTRU4Q2V7WCY72EI3VTZICA3O4ERV2A
 .text          0x00000000000034b4       0x10 C:/ncs/v2.7.0/nrfxlib/softdevice_controller/lib/cortex-m4/soft-float/libsoftdevice_controller_peripheral.a(libsoftdevice_controller_s112_debug_soft__obfuscated.elf)
                0x00000000000034b4                sym_YG4UROEKVB7ZBE5TWHLNJHYKSFBTXGBYAX3RXRI
 .text          0x00000000000034c4       0x24 C:/ncs/v2.7.0/nrfxlib/softdevice_controller/lib/cortex-m4/soft-float/libsoftdevice_controller_peripheral.a(libsoftdevice_controller_s112_debug_soft__obfuscated.elf)
                0x00000000000034c4                sym_LPFN6QJEOHBT4AP2K7MEYWDZW35U5VHIHXOA54I
 .text          0x00000000000034e8       0x48 C:/ncs/v2.7.0/nrfxlib/softdevice_controller/lib/cortex-m4/soft-float/libsoftdevice_controller_peripheral.a(libsoftdevice_controller_s112_debug_soft__obfuscated.elf)
                0x00000000000034e8                sym_Y6HXZQJARJ7FDWKGPREPQGRRGDOQMXHDALUK6KY
 .text          0x0000000000003530       0x18 C:/ncs/v2.7.0/nrfxlib/softdevice_controller/lib/cortex-m4/soft-float/libsoftdevice_controller_peripheral.a(libsoftdevice_controller_s112_debug_soft__obfuscated.elf)
                0x0000000000003530                sym_RXYEX777ZXB2E2DXJWDBCV7AAHWTCHNTLOSENBY
 .text          0x0000000000003548       0x1c C:/ncs/v2.7.0/nrfxlib/softdevice_controller/lib/cortex-m4/soft-float/libsoftdevice_controller_peripheral.a(libsoftdevice_controller_s112_debug_soft__obfuscated.elf)
                0x0000000000003548                sym_PCLF3MATC3G3MYGRPG4ATMGCS6N4B7M5CSF2C2Y
 .text          0x0000000000003564       0x40 C:/ncs/v2.7.0/nrfxlib/softdevice_controller/lib/cortex-m4/soft-float/libsoftdevice_controller_peripheral.a(libsoftdevice_controller_s112_debug_soft__obfuscated.elf)
                0x0000000000003564                sym_2GNBSSSS7HPV6RZQ52VFCGRXSPA3KLWISQSF42I
 .text          0x00000000000035a4      0x264 C:/ncs/v2.7.0/nrfxlib/softdevice_controller/lib/cortex-m4/soft-float/libsoftdevice_controller_peripheral.a(libsoftdevice_controller_s112_debug_soft__obfuscated.elf)
                0x00000000000035a4                sym_EMR2H7KEGRFFKS6A4P3ZPPGOJSTVXLGRI25MEYQ
 .text          0x0000000000003808       0x10 C:/ncs/v2.7.0/nrfxlib/softdevice_controller/lib/cortex-m4/soft-float/libsoftdevice_controller_peripheral.a(libsoftdevice_controller_s112_debug_soft__obfuscated.elf)
                0x0000000000003808                sym_V67AIMSO57NYVNGXZF2PDQSJQJLITHU4KD4CKAY
 .text          0x0000000000003818        0xc C:/ncs/v2.7.0/nrfxlib/softdevice_controller/lib/cortex-m4/soft-float/libsoftdevice_controller_peripheral.a(libsoftdevice_controller_s112_debug_soft__obfuscated.elf)
                0x0000000000003818                sym_UX6VBOIQ7ULLMX3I6UDFOFZ6IT2DVZKKVIEVRMY
 .text          0x0000000000003824       0x10 C:/ncs/v2.7.0/nrfxlib/softdevice_controller/lib/cortex-m4/soft-float/libsoftdevice_controller_peripheral.a(libsoftdevice_controller_s112_debug_soft__obfuscated.elf)
                0x0000000000003824                sym_L4JTLGMK2AWYAAPRB3O77773SG36X2NTZJ3FAHA
 .text          0x0000000000003834       0x1c C:/ncs/v2.7.0/nrfxlib/softdevice_controller/lib/cortex-m4/soft-float/libsoftdevice_controller_peripheral.a(libsoftdevice_controller_s112_debug_soft__obfuscated.elf)
                0x0000000000003834                sym_WD6EQ3FQVKOAARDWHQJJC5SVKHQS7A2MF5YDCPA
 .text          0x0000000000003850       0x1c C:/ncs/v2.7.0/nrfxlib/softdevice_controller/lib/cortex-m4/soft-float/libsoftdevice_controller_peripheral.a(libsoftdevice_controller_s112_debug_soft__obfuscated.elf)
                0x0000000000003850                sym_WGW6HZ6PNLYQSUJALICWZO27AY5UJWYCU6B6ACI
 .text          0x000000000000386c       0x34 C:/ncs/v2.7.0/nrfxlib/softdevice_controller/lib/cortex-m4/soft-float/libsoftdevice_controller_peripheral.a(libsoftdevice_controller_s112_debug_soft__obfuscated.elf)
                0x000000000000386c                sym_7VLVVPDI26BVJ64XQBSGXOQYGQA4VH5APIPDGYA
 .text          0x00000000000038a0       0x38 C:/ncs/v2.7.0/nrfxlib/softdevice_controller/lib/cortex-m4/soft-float/libsoftdevice_controller_peripheral.a(libsoftdevice_controller_s112_debug_soft__obfuscated.elf)
                0x00000000000038a0                sym_55XNA7W2CQFJPCH62ZAKHLPISYHJ7KMNREEN6EA
 .text          0x00000000000038d8       0xac C:/ncs/v2.7.0/nrfxlib/softdevice_controller/lib/cortex-m4/soft-float/libsoftdevice_controller_peripheral.a(libsoftdevice_controller_s112_debug_soft__obfuscated.elf)
                0x00000000000038d8                sym_472GCM45ITLH5GOXITRUEUJXOU6SPVHTMEVFHWQ
 .text          0x0000000000003984        0xc C:/ncs/v2.7.0/nrfxlib/mpsl/fem/common/lib/cortex-m4/soft-float/libmpsl_fem_common.a(libmpsl_fem_common_debug_soft__obfuscated.elf)
                0x0000000000003984                mpsl_fem_caps_get
 .text          0x0000000000003990        0xc C:/ncs/v2.7.0/nrfxlib/mpsl/fem/common/lib/cortex-m4/soft-float/libmpsl_fem_common.a(libmpsl_fem_common_debug_soft__obfuscated.elf)
                0x0000000000003990                mpsl_fem_disable
 .text          0x000000000000399c        0xc C:/ncs/v2.7.0/nrfxlib/mpsl/fem/common/lib/cortex-m4/soft-float/libmpsl_fem_common.a(libmpsl_fem_common_debug_soft__obfuscated.elf)
                0x000000000000399c                mpsl_fem_pa_configuration_set
 .text          0x00000000000039a8        0xc C:/ncs/v2.7.0/nrfxlib/mpsl/fem/common/lib/cortex-m4/soft-float/libmpsl_fem_common.a(libmpsl_fem_common_debug_soft__obfuscated.elf)
                0x00000000000039a8                mpsl_fem_lna_configuration_set
 .text          0x00000000000039b4        0xc C:/ncs/v2.7.0/nrfxlib/mpsl/fem/common/lib/cortex-m4/soft-float/libmpsl_fem_common.a(libmpsl_fem_common_debug_soft__obfuscated.elf)
                0x00000000000039b4                mpsl_fem_pa_configuration_clear
 .text          0x00000000000039c0        0xc C:/ncs/v2.7.0/nrfxlib/mpsl/fem/common/lib/cortex-m4/soft-float/libmpsl_fem_common.a(libmpsl_fem_common_debug_soft__obfuscated.elf)
                0x00000000000039c0                mpsl_fem_lna_configuration_clear
 .text          0x00000000000039cc        0xc C:/ncs/v2.7.0/nrfxlib/mpsl/fem/common/lib/cortex-m4/soft-float/libmpsl_fem_common.a(libmpsl_fem_common_debug_soft__obfuscated.elf)
                0x00000000000039cc                mpsl_fem_pa_power_control_set
 .text          0x00000000000039d8       0x14 C:/ncs/v2.7.0/nrfxlib/mpsl/fem/common/lib/cortex-m4/soft-float/libmpsl_fem_common.a(libmpsl_fem_common_debug_soft__obfuscated.elf)
                0x00000000000039d8                mpsl_fem_tx_power_split
 .text          0x00000000000039ec        0xc C:/ncs/v2.7.0/nrfxlib/mpsl/fem/common/lib/cortex-m4/soft-float/libmpsl_fem_common.a(libmpsl_fem_common_debug_soft__obfuscated.elf)
                0x00000000000039ec                mpsl_fem_device_config_254_apply_get
 .text          0x00000000000039f8       0x44 C:/ncs/v2.7.0/nrfxlib/mpsl/fem/common/lib/cortex-m4/soft-float/libmpsl_fem_common.a(libmpsl_fem_common_debug_soft__obfuscated.elf)
                0x00000000000039f8                mpsl_fem_utils_available_cc_channels_cache
 .text          0x0000000000003a3c        0xc C:/ncs/v2.7.0/nrfxlib/mpsl/lib/cortex-m4/soft-float/libmpsl.a(libmpsl_debug_soft__obfuscated.elf)
                0x0000000000003a3c                sym_3NUECOSAIC227DBCPHAP4U7EQ3UBTGANU5ASIOA
 .text          0x0000000000003a48       0x34 C:/ncs/v2.7.0/nrfxlib/mpsl/lib/cortex-m4/soft-float/libmpsl.a(libmpsl_debug_soft__obfuscated.elf)
                0x0000000000003a48                sym_QLJBNB55XHXGY3EZ4W3ZZ3U6AVPE2YGDOXRUZSQ
 .text          0x0000000000003a7c       0x54 C:/ncs/v2.7.0/nrfxlib/mpsl/lib/cortex-m4/soft-float/libmpsl.a(libmpsl_debug_soft__obfuscated.elf)
                0x0000000000003a7c                sym_VWOYI7XCNXBFVPWSS6WFJ2CWKPJYCMRRQTU7QWQ
 .text          0x0000000000003ad0       0x20 C:/ncs/v2.7.0/nrfxlib/mpsl/lib/cortex-m4/soft-float/libmpsl.a(libmpsl_debug_soft__obfuscated.elf)
                0x0000000000003ad0                mpsl_tx_power_radio_supported_power_adjust
 .text          0x0000000000003af0       0x80 C:/ncs/v2.7.0/nrfxlib/mpsl/lib/cortex-m4/soft-float/libmpsl.a(libmpsl_debug_soft__obfuscated.elf)
                0x0000000000003af0                sym_JBMIQXYLJQQB56KLSIZ2WVKBMEMRZHLRBGLEPTA
 .text          0x0000000000003b70        0xc C:/ncs/v2.7.0/nrfxlib/mpsl/lib/cortex-m4/soft-float/libmpsl.a(libmpsl_debug_soft__obfuscated.elf)
                0x0000000000003b70                sym_SKFSQME5SGNPYLL7B75KY7PHXFYWSRI2HSTT45A
 .text          0x0000000000003b7c       0x1c C:/ncs/v2.7.0/nrfxlib/mpsl/lib/cortex-m4/soft-float/libmpsl.a(libmpsl_debug_soft__obfuscated.elf)
                0x0000000000003b7c                sym_4RNEPYYQOFM4LAOGLN2TB27X7L3XBISTGAWYOHQ
 .text          0x0000000000003b98       0x1c C:/ncs/v2.7.0/nrfxlib/mpsl/lib/cortex-m4/soft-float/libmpsl.a(libmpsl_debug_soft__obfuscated.elf)
                0x0000000000003b98                sym_XYQTP7YX2XFVREW5KFDH2NNPGRIPEHKIO2RURYI
 .text          0x0000000000003bb4       0x6c C:/ncs/v2.7.0/nrfxlib/mpsl/lib/cortex-m4/soft-float/libmpsl.a(libmpsl_debug_soft__obfuscated.elf)
                0x0000000000003bb4                sym_V6OT7EKSQC3XEJK5ZWNACQF7LLICCSE7X3C3ECY
 .text          0x0000000000003c20       0x58 C:/ncs/v2.7.0/nrfxlib/mpsl/lib/cortex-m4/soft-float/libmpsl.a(libmpsl_debug_soft__obfuscated.elf)
                0x0000000000003c20                sym_AOU55ZK756JLPLCLZ5TZSSVKOAWWFUNQZATBXUI
 .text          0x0000000000003c78       0xb4 C:/ncs/v2.7.0/nrfxlib/mpsl/lib/cortex-m4/soft-float/libmpsl.a(libmpsl_debug_soft__obfuscated.elf)
                0x0000000000003c78                sym_OLT7BBJAMRJJV5HK3QZCAOG3B3FGZ46HFC5VINI
 .text          0x0000000000003d2c       0x34 C:/ncs/v2.7.0/nrfxlib/mpsl/lib/cortex-m4/soft-float/libmpsl.a(libmpsl_debug_soft__obfuscated.elf)
                0x0000000000003d2c                sym_PITJNQC6YSCEFAH23N5QRORZDKCSKOAUGBUS6GA
 .text          0x0000000000003d60       0x38 C:/ncs/v2.7.0/nrfxlib/mpsl/lib/cortex-m4/soft-float/libmpsl.a(libmpsl_debug_soft__obfuscated.elf)
                0x0000000000003d60                sym_4FXF7BZT2IZ3YRYSE3Z2XCICKWZPGDZTXL2ECZQ
 .text          0x0000000000003d98       0x2c C:/ncs/v2.7.0/nrfxlib/mpsl/lib/cortex-m4/soft-float/libmpsl.a(libmpsl_debug_soft__obfuscated.elf)
                0x0000000000003d98                MPSL_IRQ_RADIO_Handler
 .text          0x0000000000003dc4       0x54 C:/ncs/v2.7.0/nrfxlib/mpsl/lib/cortex-m4/soft-float/libmpsl.a(libmpsl_debug_soft__obfuscated.elf)
                0x0000000000003dc4                sym_XEJLNUQGS5P4R5IXDJFF6NE6C2FZWRZYDQOGMPI
 .text          0x0000000000003e18        0xc C:/ncs/v2.7.0/nrfxlib/mpsl/lib/cortex-m4/soft-float/libmpsl.a(libmpsl_debug_soft__obfuscated.elf)
                0x0000000000003e18                sym_ETIE3PCEXQYLK2GIVZENQ6V7PLBRV57MB7BDMNY
 .text          0x0000000000003e24        0xc C:/ncs/v2.7.0/nrfxlib/mpsl/lib/cortex-m4/soft-float/libmpsl.a(libmpsl_debug_soft__obfuscated.elf)
                0x0000000000003e24                sym_MGDULS4U2D5VQ5NBLZDC7UTSC6O3GJASJZPQJ2Q
 .text          0x0000000000003e30       0x28 C:/ncs/v2.7.0/nrfxlib/mpsl/lib/cortex-m4/soft-float/libmpsl.a(libmpsl_debug_soft__obfuscated.elf)
                0x0000000000003e30                sym_PEUB6CZG5CWXXD4M2S6OVBXZGDFOG4XII7USUDQ
 .text          0x0000000000003e58       0x38 C:/ncs/v2.7.0/nrfxlib/mpsl/lib/cortex-m4/soft-float/libmpsl.a(libmpsl_debug_soft__obfuscated.elf)
                0x0000000000003e58                mpsl_clock_hfclk_request
 .text          0x0000000000003e90       0x34 C:/ncs/v2.7.0/nrfxlib/mpsl/lib/cortex-m4/soft-float/libmpsl.a(libmpsl_debug_soft__obfuscated.elf)
 .text          0x0000000000003ec4       0x38 C:/ncs/v2.7.0/nrfxlib/mpsl/lib/cortex-m4/soft-float/libmpsl.a(libmpsl_debug_soft__obfuscated.elf)
                0x0000000000003ec4                sym_AF5XKA2WT4DMFZTLKHOBWE7E2EZAMLDDFPQGGTQ
 .text          0x0000000000003efc       0x1c C:/ncs/v2.7.0/nrfxlib/mpsl/lib/cortex-m4/soft-float/libmpsl.a(libmpsl_debug_soft__obfuscated.elf)
                0x0000000000003efc                mpsl_clock_hfclk_release
 .text          0x0000000000003f18       0x78 C:/ncs/v2.7.0/nrfxlib/mpsl/lib/cortex-m4/soft-float/libmpsl.a(libmpsl_debug_soft__obfuscated.elf)
                0x0000000000003f18                sym_A4JUKJUCTJV55V2WD6TXU63VO5GAMB4XA4EE56Q
 .text          0x0000000000003f90       0xf0 C:/ncs/v2.7.0/nrfxlib/mpsl/lib/cortex-m4/soft-float/libmpsl.a(libmpsl_debug_soft__obfuscated.elf)
                0x0000000000003f90                MPSL_IRQ_CLOCK_Handler
 .text          0x0000000000004080       0x18 C:/ncs/v2.7.0/nrfxlib/mpsl/lib/cortex-m4/soft-float/libmpsl.a(libmpsl_debug_soft__obfuscated.elf)
                0x0000000000004080                sym_4PX37LW4KIUYQZ73JWLPH5GAGIRWAKTV3E6F62Q
 .text          0x0000000000004098      0x248 C:/ncs/v2.7.0/nrfxlib/mpsl/lib/cortex-m4/soft-float/libmpsl.a(libmpsl_debug_soft__obfuscated.elf)
                0x0000000000004098                sym_FYHKZOVAJN6VDDHY43FT7PF4YLRDHWRTEWHFG6I
 .text          0x00000000000042e0       0x18 C:/ncs/v2.7.0/nrfxlib/mpsl/lib/cortex-m4/soft-float/libmpsl.a(libmpsl_debug_soft__obfuscated.elf)
                0x00000000000042e0                sym_XK3TMLCZALCYYWGULGHQIRSOBMPIIPJ7HEMOZIQ
 .text          0x00000000000042f8        0xc C:/ncs/v2.7.0/nrfxlib/mpsl/lib/cortex-m4/soft-float/libmpsl.a(libmpsl_debug_soft__obfuscated.elf)
                0x00000000000042f8                sym_PIRI3CTIHOPR5MPDQRHBJRRZEA2NVOD4J3GXGOA
 .text          0x0000000000004304       0x1c C:/ncs/v2.7.0/nrfxlib/mpsl/lib/cortex-m4/soft-float/libmpsl.a(libmpsl_debug_soft__obfuscated.elf)
                0x0000000000004304                sym_LIY23QT3GHIV7NCGJ6ZW6LB2ZUSI56CIFCL6HUY
 .text          0x0000000000004320       0x2c C:/ncs/v2.7.0/nrfxlib/mpsl/lib/cortex-m4/soft-float/libmpsl.a(libmpsl_debug_soft__obfuscated.elf)
 .text          0x000000000000434c       0x2c C:/ncs/v2.7.0/nrfxlib/mpsl/lib/cortex-m4/soft-float/libmpsl.a(libmpsl_debug_soft__obfuscated.elf)
 .text          0x0000000000004378       0x38 C:/ncs/v2.7.0/nrfxlib/mpsl/lib/cortex-m4/soft-float/libmpsl.a(libmpsl_debug_soft__obfuscated.elf)
 .text          0x00000000000043b0       0x2c C:/ncs/v2.7.0/nrfxlib/mpsl/lib/cortex-m4/soft-float/libmpsl.a(libmpsl_debug_soft__obfuscated.elf)
 .text          0x00000000000043dc       0x50 C:/ncs/v2.7.0/nrfxlib/mpsl/lib/cortex-m4/soft-float/libmpsl.a(libmpsl_debug_soft__obfuscated.elf)
 .text          0x000000000000442c       0x64 C:/ncs/v2.7.0/nrfxlib/mpsl/lib/cortex-m4/soft-float/libmpsl.a(libmpsl_debug_soft__obfuscated.elf)
 .text          0x0000000000004490       0x38 C:/ncs/v2.7.0/nrfxlib/mpsl/lib/cortex-m4/soft-float/libmpsl.a(libmpsl_debug_soft__obfuscated.elf)
 .text          0x00000000000044c8       0xa8 C:/ncs/v2.7.0/nrfxlib/mpsl/lib/cortex-m4/soft-float/libmpsl.a(libmpsl_debug_soft__obfuscated.elf)
                0x00000000000044c8                sym_3SK52U5TD4ACVVYKWS6UI6ZPWKSLV6BW5IGCPJI
 .text          0x0000000000004570        0xc C:/ncs/v2.7.0/nrfxlib/mpsl/lib/cortex-m4/soft-float/libmpsl.a(libmpsl_debug_soft__obfuscated.elf)
                0x0000000000004570                sym_RUQO26WM5KVVEW7O3OHCXPO7LLLXRBDPIPSWIWY
 .text          0x000000000000457c        0xc C:/ncs/v2.7.0/nrfxlib/mpsl/lib/cortex-m4/soft-float/libmpsl.a(libmpsl_debug_soft__obfuscated.elf)
                0x000000000000457c                sym_M4DIQOXJAE3BNHQBIUCZXAABSM24CWUEJOCU7DY
 .text          0x0000000000004588       0x20 C:/ncs/v2.7.0/nrfxlib/mpsl/lib/cortex-m4/soft-float/libmpsl.a(libmpsl_debug_soft__obfuscated.elf)
                0x0000000000004588                sym_E5Q6O4GY4KO3GMW7WJYXLZKHO7ZGDWLU4ZPAKWA
 .text          0x00000000000045a8      0x130 C:/ncs/v2.7.0/nrfxlib/mpsl/lib/cortex-m4/soft-float/libmpsl.a(libmpsl_debug_soft__obfuscated.elf)
                0x00000000000045a8                sym_2ZDZA75WOMRNSQ6XL7IZWAQKYFFSRJOGBGKPTIQ
 .text          0x00000000000046d8       0xd0 C:/ncs/v2.7.0/nrfxlib/mpsl/lib/cortex-m4/soft-float/libmpsl.a(libmpsl_debug_soft__obfuscated.elf)
                0x00000000000046d8                sym_X2K67YH6UCW6TFK6NTLPZZFGWYHTTPZYK5PXHNQ
 .text          0x00000000000047a8       0x18 C:/ncs/v2.7.0/nrfxlib/mpsl/lib/cortex-m4/soft-float/libmpsl.a(libmpsl_debug_soft__obfuscated.elf)
                0x00000000000047a8                sym_CQWZ455IMTLTPY5LEEZHXHRRNX223B3HTDD45HA
 .text          0x00000000000047c0       0xc4 C:/ncs/v2.7.0/nrfxlib/mpsl/lib/cortex-m4/soft-float/libmpsl.a(libmpsl_debug_soft__obfuscated.elf)
                0x00000000000047c0                sym_TSYEIN5CZPQE3YK6VECZD5C2M4LMXKKH6O7LNAY
 .text          0x0000000000004884       0x34 C:/ncs/v2.7.0/nrfxlib/mpsl/lib/cortex-m4/soft-float/libmpsl.a(libmpsl_debug_soft__obfuscated.elf)
                0x0000000000004884                sym_Y3UVF6YHRTBBXFJQDE7OMEAPPATQJFJYHW45BGI
 .text          0x00000000000048b8       0x8c C:/ncs/v2.7.0/nrfxlib/mpsl/lib/cortex-m4/soft-float/libmpsl.a(libmpsl_debug_soft__obfuscated.elf)
                0x00000000000048b8                MPSL_IRQ_RTC0_Handler
 .text          0x0000000000004944       0xec C:/ncs/v2.7.0/nrfxlib/mpsl/lib/cortex-m4/soft-float/libmpsl.a(libmpsl_debug_soft__obfuscated.elf)
                0x0000000000004944                MPSL_IRQ_TIMER0_Handler
 .text          0x0000000000004a30      0x53c C:/ncs/v2.7.0/nrfxlib/mpsl/lib/cortex-m4/soft-float/libmpsl.a(libmpsl_debug_soft__obfuscated.elf)
 .text          0x0000000000004f6c      0x258 C:/ncs/v2.7.0/nrfxlib/mpsl/lib/cortex-m4/soft-float/libmpsl.a(libmpsl_debug_soft__obfuscated.elf)
 .text          0x00000000000051c4      0x1e0 C:/ncs/v2.7.0/nrfxlib/mpsl/lib/cortex-m4/soft-float/libmpsl.a(libmpsl_debug_soft__obfuscated.elf)
 .text          0x00000000000053a4      0x188 C:/ncs/v2.7.0/nrfxlib/mpsl/lib/cortex-m4/soft-float/libmpsl.a(libmpsl_debug_soft__obfuscated.elf)
 .text          0x000000000000552c       0xec C:/ncs/v2.7.0/nrfxlib/mpsl/lib/cortex-m4/soft-float/libmpsl.a(libmpsl_debug_soft__obfuscated.elf)
 .text          0x0000000000005618      0x14c C:/ncs/v2.7.0/nrfxlib/mpsl/lib/cortex-m4/soft-float/libmpsl.a(libmpsl_debug_soft__obfuscated.elf)
 .text          0x0000000000005764       0x7c C:/ncs/v2.7.0/nrfxlib/mpsl/lib/cortex-m4/soft-float/libmpsl.a(libmpsl_debug_soft__obfuscated.elf)
                0x0000000000005764                sym_ZC6NJBPUISWILQK6OTOBMJVVUT63JRIDGH5WNCY
 .text          0x00000000000057e0      0x34c C:/ncs/v2.7.0/nrfxlib/mpsl/lib/cortex-m4/soft-float/libmpsl.a(libmpsl_debug_soft__obfuscated.elf)
                0x00000000000057e0                sym_SFR5TVV24PZRIRC5QGOHL2X436PUHKRY2QWKP5Y
 .text          0x0000000000005b2c       0x58 C:/ncs/v2.7.0/nrfxlib/mpsl/lib/cortex-m4/soft-float/libmpsl.a(libmpsl_debug_soft__obfuscated.elf)
                0x0000000000005b2c                sym_RPHL2J7CVNKM6GKLDIFI4NVAPZE2FHTYW4VJSJI
 .text          0x0000000000005b84       0x3c C:/ncs/v2.7.0/nrfxlib/mpsl/lib/cortex-m4/soft-float/libmpsl.a(libmpsl_debug_soft__obfuscated.elf)
                0x0000000000005b84                sym_CFZK3G6ZC4ONUAYO2UALWQ4CBO7A6ADNAS2FS7Y
 .text          0x0000000000005bc0      0x22c C:/ncs/v2.7.0/nrfxlib/mpsl/lib/cortex-m4/soft-float/libmpsl.a(libmpsl_debug_soft__obfuscated.elf)
                0x0000000000005bc0                sym_CVH6S6LMSFPC2RM6I6LYWFRVOJUD3A6OCMG7AAI
 .text          0x0000000000005dec      0x618 C:/ncs/v2.7.0/nrfxlib/mpsl/lib/cortex-m4/soft-float/libmpsl.a(libmpsl_debug_soft__obfuscated.elf)
                0x0000000000005dec                sym_NFDFVOR5BUFND4TNTGYIYR4ARXJRXWSQ4PVFUKY
 .text          0x0000000000006404      0x20c C:/ncs/v2.7.0/nrfxlib/mpsl/lib/cortex-m4/soft-float/libmpsl.a(libmpsl_debug_soft__obfuscated.elf)
                0x0000000000006404                sym_R4Y3KWNYX4PGGLE5X2L7DXMWMJUY3DOXD7LSUKY
 .text          0x0000000000006610      0x2e8 C:/ncs/v2.7.0/nrfxlib/mpsl/lib/cortex-m4/soft-float/libmpsl.a(libmpsl_debug_soft__obfuscated.elf)
                0x0000000000006610                sym_J5F7QGRFPKMLWRNSXZXS5YI7BM4DUTISCOASCOA
 .text          0x00000000000068f8       0xb0 C:/ncs/v2.7.0/nrfxlib/mpsl/lib/cortex-m4/soft-float/libmpsl.a(libmpsl_debug_soft__obfuscated.elf)
                0x00000000000068f8                sym_URFU24FFGR2HYB6CCPIPKPNZNMTWHKDYOATUJNY
 .text          0x00000000000069a8        0x4 C:/ncs/v2.7.0/nrfxlib/mpsl/lib/cortex-m4/soft-float/libmpsl.a(libmpsl_debug_soft__obfuscated.elf)
                0x00000000000069a8                sym_6TZLBWMEWRMPI4KKAUVLC2XHUBDGXEA4B4JJJYQ
 .text          0x00000000000069ac      0x254 C:/ncs/v2.7.0/nrfxlib/mpsl/lib/cortex-m4/soft-float/libmpsl.a(libmpsl_debug_soft__obfuscated.elf)
                0x00000000000069ac                sym_QWOE5H22ZADGJX5JSROW7BOI32Z6PPEEJCISNOQ
 .text          0x0000000000006c00      0x2b4 C:/ncs/v2.7.0/nrfxlib/mpsl/lib/cortex-m4/soft-float/libmpsl.a(libmpsl_debug_soft__obfuscated.elf)
                0x0000000000006c00                sym_DQFOGVCNU4NTOMWSL3IYDNCMIXT2LT7SZHL5IHI
 .text          0x0000000000006eb4       0x24 C:/ncs/v2.7.0/nrfxlib/mpsl/lib/cortex-m4/soft-float/libmpsl.a(libmpsl_debug_soft__obfuscated.elf)
 .text          0x0000000000006ed8       0x30 C:/ncs/v2.7.0/nrfxlib/mpsl/lib/cortex-m4/soft-float/libmpsl.a(libmpsl_debug_soft__obfuscated.elf)
 .text          0x0000000000006f08       0x30 C:/ncs/v2.7.0/nrfxlib/mpsl/lib/cortex-m4/soft-float/libmpsl.a(libmpsl_debug_soft__obfuscated.elf)
 .text          0x0000000000006f38       0x2c C:/ncs/v2.7.0/nrfxlib/mpsl/lib/cortex-m4/soft-float/libmpsl.a(libmpsl_debug_soft__obfuscated.elf)
 .text          0x0000000000006f64       0x78 C:/ncs/v2.7.0/nrfxlib/mpsl/lib/cortex-m4/soft-float/libmpsl.a(libmpsl_debug_soft__obfuscated.elf)
                0x0000000000006f64                mpsl_init
 .text          0x0000000000006fdc       0x14 C:/ncs/v2.7.0/nrfxlib/mpsl/lib/cortex-m4/soft-float/libmpsl.a(libmpsl_debug_soft__obfuscated.elf)
                0x0000000000006fdc                sym_4JLKMM32SOXCP6XBYAWZDUIMUJIYXLKKDBOFLHI
 .text          0x0000000000006ff0       0x58 C:/ncs/v2.7.0/nrfxlib/mpsl/lib/cortex-m4/soft-float/libmpsl.a(libmpsl_debug_soft__obfuscated.elf)
                0x0000000000006ff0                sym_S2UAPMFVIQXDUOA6CV7GJMB33TYHEUH5D6LHO5Q
 .text          0x0000000000007048       0x28 C:/ncs/v2.7.0/nrfxlib/mpsl/lib/cortex-m4/soft-float/libmpsl.a(libmpsl_debug_soft__obfuscated.elf)
                0x0000000000007048                sym_XR32KBBIVYD5OVRJM2RBQ57EGCCM2C3F5IY6OHQ
 .text          0x0000000000007070        0xc C:/ncs/v2.7.0/nrfxlib/mpsl/lib/cortex-m4/soft-float/libmpsl.a(libmpsl_debug_soft__obfuscated.elf)
                0x0000000000007070                mpsl_is_initialized
 .text          0x000000000000707c       0xdc C:/ncs/v2.7.0/nrfxlib/mpsl/lib/cortex-m4/soft-float/libmpsl.a(libmpsl_debug_soft__obfuscated.elf)
 .text          0x0000000000007158      0x184 C:/ncs/v2.7.0/nrfxlib/mpsl/lib/cortex-m4/soft-float/libmpsl.a(libmpsl_debug_soft__obfuscated.elf)
                0x0000000000007158                mpsl_ecb_block_encrypt_extended
 .text          0x00000000000072dc       0x7c C:/ncs/v2.7.0/nrfxlib/mpsl/lib/cortex-m4/soft-float/libmpsl.a(libmpsl_debug_soft__obfuscated.elf)
                0x00000000000072dc                mpsl_temperature_get
 .text          0x0000000000007358       0x38 C:/ncs/v2.7.0/nrfxlib/mpsl/lib/cortex-m4/soft-float/libmpsl.a(libmpsl_debug_soft__obfuscated.elf)
                0x0000000000007358                sym_W7ROFHNOSDKPIRUKDGIZZ5YR3MC3DAM2YLJOUIA
 .text          0x0000000000007390       0x20 C:/ncs/v2.7.0/nrfxlib/mpsl/lib/cortex-m4/soft-float/libmpsl.a(libmpsl_debug_soft__obfuscated.elf)
                0x0000000000007390                sym_BJJ4JJDCVJTQH3OQZK6RMMOLISQZEJEZ3BJOKJY
 .text          0x00000000000073b0       0x38 C:/ncs/v2.7.0/nrfxlib/mpsl/lib/cortex-m4/soft-float/libmpsl.a(libmpsl_debug_soft__obfuscated.elf)
                0x00000000000073b0                sym_GURZ3AH6X65RGSKYMYNWZVP6HM56LA5MRAQWT6Q
 .text          0x00000000000073e8       0x50 C:/ncs/v2.7.0/nrfxlib/mpsl/lib/cortex-m4/soft-float/libmpsl.a(libmpsl_debug_soft__obfuscated.elf)
                0x00000000000073e8                sym_VWGRUQT3LYZHLYS5KJ7UOCJEHLDJTWH4RVJBGKQ
 .text          0x0000000000007438       0x34 C:/ncs/v2.7.0/nrfxlib/mpsl/lib/cortex-m4/soft-float/libmpsl.a(libmpsl_debug_soft__obfuscated.elf)
                0x0000000000007438                sym_4WL3TG4Q7RCTFEMPQ2CQTOL4PAKUULDPJUM5DTY
 .text          0x000000000000746c       0x54 C:/ncs/v2.7.0/nrfxlib/mpsl/lib/cortex-m4/soft-float/libmpsl.a(libmpsl_debug_soft__obfuscated.elf)
 .text          0x00000000000074c0       0x88 C:/ncs/v2.7.0/nrfxlib/mpsl/lib/cortex-m4/soft-float/libmpsl.a(libmpsl_debug_soft__obfuscated.elf)
                0x00000000000074c0                sym_2FGI6PRNKAQGGACVKJNWC6EWB4C4ZZYUSEGOPOI
 .text          0x0000000000007548       0xb0 C:/ncs/v2.7.0/nrfxlib/mpsl/lib/cortex-m4/soft-float/libmpsl.a(libmpsl_debug_soft__obfuscated.elf)
                0x0000000000007548                sym_R66O3ZG7PAFXV56YPWXD7FGU6UB3QYBQIHK33BQ
 .text          0x00000000000075f8       0x8c C:/ncs/v2.7.0/nrfxlib/mpsl/lib/cortex-m4/soft-float/libmpsl.a(libmpsl_debug_soft__obfuscated.elf)
                0x00000000000075f8                sym_525JLJ5JEQ6FEZGTSIW74UTOCUZ2F4YECMQ6KVQ
 .text          0x0000000000007684       0xf0 C:/ncs/v2.7.0/nrfxlib/mpsl/lib/cortex-m4/soft-float/libmpsl.a(libmpsl_debug_soft__obfuscated.elf)
                0x0000000000007684                sym_DQONLUECJTIEYFOFJXXAPJO4POIAJKJNKBGVN5A
 .text          0x0000000000007774       0xd8 C:/ncs/v2.7.0/nrfxlib/mpsl/lib/cortex-m4/soft-float/libmpsl.a(libmpsl_debug_soft__obfuscated.elf)
                0x0000000000007774                sym_VSILKYHVQ5DVF6LG5MG267DQVA3A2XZQ6FSCLXA
 .text          0x000000000000784c        0xc C:/ncs/v2.7.0/nrfxlib/mpsl/lib/cortex-m4/soft-float/libmpsl.a(libmpsl_debug_soft__obfuscated.elf)
                0x000000000000784c                sym_FLYO2O6PDDEK6WCFFGJRAPCMRB5FFHTEEHI4Z2Q
 .text          0x0000000000007858      0x2a0 c:/ncs/toolchains/cf2149caf2/opt/zephyr-sdk/arm-zephyr-eabi/bin/../lib/gcc/arm-zephyr-eabi/12.2.0/thumb/v7e-m/nofp\libgcc.a(_udivmoddi4.o)
                0x0000000000007858                __udivmoddi4
 .text          0x0000000000007af8       0x5e C:/ncs/v2.7.0/nrfxlib/softdevice_controller/lib/cortex-m4/soft-float/libsoftdevice_controller_peripheral.a(libsoftdevice_controller_s112_debug_soft__obfuscated.elf)
                0x0000000000007af8                sym_CNH7SD2WCGFAHI2ANQOF3HHV2F3WYQDABEB6D2I
 .text          0x0000000000007b56       0x6c C:/ncs/v2.7.0/nrfxlib/softdevice_controller/lib/cortex-m4/soft-float/libsoftdevice_controller_peripheral.a(libsoftdevice_controller_s112_debug_soft__obfuscated.elf)
                0x0000000000007b56                sym_XBPRCWTRXORTYBBILZLCEINUIX4S5BJ5RTZD2RY
 .text          0x0000000000007bc2      0x22a C:/ncs/v2.7.0/nrfxlib/softdevice_controller/lib/cortex-m4/soft-float/libsoftdevice_controller_peripheral.a(libsoftdevice_controller_s112_debug_soft__obfuscated.elf)
                0x0000000000007bc2                sym_XMQQMVD4MD6DRWNW2DWSCGOMJHFY3IX7NXUHTGI
 .text          0x0000000000007dec       0x20 C:/ncs/v2.7.0/nrfxlib/softdevice_controller/lib/cortex-m4/soft-float/libsoftdevice_controller_peripheral.a(libsoftdevice_controller_s112_debug_soft__obfuscated.elf)
                0x0000000000007dec                sdc_hci_get
 .text          0x0000000000007e0c        0xa C:/ncs/v2.7.0/nrfxlib/softdevice_controller/lib/cortex-m4/soft-float/libsoftdevice_controller_peripheral.a(libsoftdevice_controller_s112_debug_soft__obfuscated.elf)
                0x0000000000007e0c                sdc_hci_cmd_cb_set_event_mask
 .text          0x0000000000007e16       0x36 C:/ncs/v2.7.0/nrfxlib/softdevice_controller/lib/cortex-m4/soft-float/libsoftdevice_controller_peripheral.a(libsoftdevice_controller_s112_debug_soft__obfuscated.elf)
                0x0000000000007e16                sdc_hci_cmd_vs_zephyr_read_version_info
 .text          0x0000000000007e4c        0x4 C:/ncs/v2.7.0/nrfxlib/softdevice_controller/lib/cortex-m4/soft-float/libsoftdevice_controller_peripheral.a(libsoftdevice_controller_s112_debug_soft__obfuscated.elf)
                0x0000000000007e4c                sdc_hci_cmd_vs_zephyr_write_bd_addr
 .text          0x0000000000007e50       0xa4 C:/ncs/v2.7.0/nrfxlib/softdevice_controller/lib/cortex-m4/soft-float/libsoftdevice_controller_peripheral.a(libsoftdevice_controller_s112_debug_soft__obfuscated.elf)
                0x0000000000007e50                sdc_hci_cmd_vs_zephyr_read_static_addresses
 .text          0x0000000000007ef4       0xa2 C:/ncs/v2.7.0/nrfxlib/softdevice_controller/lib/cortex-m4/soft-float/libsoftdevice_controller_peripheral.a(libsoftdevice_controller_s112_debug_soft__obfuscated.elf)
                0x0000000000007ef4                sdc_hci_cmd_vs_zephyr_read_key_hierarchy_roots
 .text          0x0000000000007f96       0x2c C:/ncs/v2.7.0/nrfxlib/softdevice_controller/lib/cortex-m4/soft-float/libsoftdevice_controller_peripheral.a(libsoftdevice_controller_s112_debug_soft__obfuscated.elf)
                0x0000000000007f96                sdc_hci_cmd_vs_zephyr_read_chip_temp
 .text          0x0000000000007fc2        0x4 C:/ncs/v2.7.0/nrfxlib/softdevice_controller/lib/cortex-m4/soft-float/libsoftdevice_controller_peripheral.a(libsoftdevice_controller_s112_debug_soft__obfuscated.elf)
                0x0000000000007fc2                sdc_hci_cmd_vs_llpm_mode_set
 .text          0x0000000000007fc6        0x4 C:/ncs/v2.7.0/nrfxlib/softdevice_controller/lib/cortex-m4/soft-float/libsoftdevice_controller_peripheral.a(libsoftdevice_controller_s112_debug_soft__obfuscated.elf)
                0x0000000000007fc6                sdc_hci_cmd_vs_conn_update
 .text          0x0000000000007fca        0x4 C:/ncs/v2.7.0/nrfxlib/softdevice_controller/lib/cortex-m4/soft-float/libsoftdevice_controller_peripheral.a(libsoftdevice_controller_s112_debug_soft__obfuscated.elf)
                0x0000000000007fca                sdc_hci_cmd_vs_conn_event_extend
 .text          0x0000000000007fce        0xc C:/ncs/v2.7.0/nrfxlib/softdevice_controller/lib/cortex-m4/soft-float/libsoftdevice_controller_peripheral.a(libsoftdevice_controller_s112_debug_soft__obfuscated.elf)
                0x0000000000007fce                sdc_hci_cmd_vs_qos_conn_event_report_enable
 .text          0x0000000000007fda        0x4 C:/ncs/v2.7.0/nrfxlib/softdevice_controller/lib/cortex-m4/soft-float/libsoftdevice_controller_peripheral.a(libsoftdevice_controller_s112_debug_soft__obfuscated.elf)
                0x0000000000007fda                sdc_hci_cmd_vs_event_length_set
 .text          0x0000000000007fde        0x4 C:/ncs/v2.7.0/nrfxlib/softdevice_controller/lib/cortex-m4/soft-float/libsoftdevice_controller_peripheral.a(libsoftdevice_controller_s112_debug_soft__obfuscated.elf)
                0x0000000000007fde                sdc_hci_cmd_vs_set_adv_randomness
 .text          0x0000000000007fe2        0x4 C:/ncs/v2.7.0/nrfxlib/softdevice_controller/lib/cortex-m4/soft-float/libsoftdevice_controller_peripheral.a(libsoftdevice_controller_s112_debug_soft__obfuscated.elf)
                0x0000000000007fe2                sdc_hci_cmd_vs_set_role_priority
 .text          0x0000000000007fe6        0x4 C:/ncs/v2.7.0/nrfxlib/softdevice_controller/lib/cortex-m4/soft-float/libsoftdevice_controller_peripheral.a(libsoftdevice_controller_s112_debug_soft__obfuscated.elf)
                0x0000000000007fe6                sdc_hci_cmd_ip_read_local_version_information
 .text          0x0000000000007fea        0x4 C:/ncs/v2.7.0/nrfxlib/softdevice_controller/lib/cortex-m4/soft-float/libsoftdevice_controller_peripheral.a(libsoftdevice_controller_s112_debug_soft__obfuscated.elf)
                0x0000000000007fea                sdc_hci_cmd_ip_read_bd_addr
 .text          0x0000000000007fee        0xa C:/ncs/v2.7.0/nrfxlib/softdevice_controller/lib/cortex-m4/soft-float/libsoftdevice_controller_peripheral.a(libsoftdevice_controller_s112_debug_soft__obfuscated.elf)
                0x0000000000007fee                sdc_hci_cmd_le_set_event_mask
 .text          0x0000000000007ff8        0x4 C:/ncs/v2.7.0/nrfxlib/softdevice_controller/lib/cortex-m4/soft-float/libsoftdevice_controller_peripheral.a(libsoftdevice_controller_s112_debug_soft__obfuscated.elf)
                0x0000000000007ff8                sdc_hci_cmd_le_read_buffer_size
 .text          0x0000000000007ffc        0x4 C:/ncs/v2.7.0/nrfxlib/softdevice_controller/lib/cortex-m4/soft-float/libsoftdevice_controller_peripheral.a(libsoftdevice_controller_s112_debug_soft__obfuscated.elf)
                0x0000000000007ffc                sdc_hci_cmd_le_set_random_address
 .text          0x0000000000008000        0x4 C:/ncs/v2.7.0/nrfxlib/softdevice_controller/lib/cortex-m4/soft-float/libsoftdevice_controller_peripheral.a(libsoftdevice_controller_s112_debug_soft__obfuscated.elf)
                0x0000000000008000                sdc_hci_cmd_le_set_adv_params
 .text          0x0000000000008004        0x4 C:/ncs/v2.7.0/nrfxlib/softdevice_controller/lib/cortex-m4/soft-float/libsoftdevice_controller_peripheral.a(libsoftdevice_controller_s112_debug_soft__obfuscated.elf)
                0x0000000000008004                sdc_hci_cmd_le_read_adv_physical_channel_tx_power
 .text          0x0000000000008008        0x4 C:/ncs/v2.7.0/nrfxlib/softdevice_controller/lib/cortex-m4/soft-float/libsoftdevice_controller_peripheral.a(libsoftdevice_controller_s112_debug_soft__obfuscated.elf)
                0x0000000000008008                sdc_hci_cmd_le_set_adv_data
 .text          0x000000000000800c        0x4 C:/ncs/v2.7.0/nrfxlib/softdevice_controller/lib/cortex-m4/soft-float/libsoftdevice_controller_peripheral.a(libsoftdevice_controller_s112_debug_soft__obfuscated.elf)
                0x000000000000800c                sdc_hci_cmd_le_set_scan_response_data
 .text          0x0000000000008010        0x4 C:/ncs/v2.7.0/nrfxlib/softdevice_controller/lib/cortex-m4/soft-float/libsoftdevice_controller_peripheral.a(libsoftdevice_controller_s112_debug_soft__obfuscated.elf)
                0x0000000000008010                sdc_hci_cmd_le_set_adv_enable
 .text          0x0000000000008014        0x4 C:/ncs/v2.7.0/nrfxlib/softdevice_controller/lib/cortex-m4/soft-float/libsoftdevice_controller_peripheral.a(libsoftdevice_controller_s112_debug_soft__obfuscated.elf)
                0x0000000000008014                sdc_hci_cmd_le_read_filter_accept_list_size
 .text          0x0000000000008018        0x4 C:/ncs/v2.7.0/nrfxlib/softdevice_controller/lib/cortex-m4/soft-float/libsoftdevice_controller_peripheral.a(libsoftdevice_controller_s112_debug_soft__obfuscated.elf)
                0x0000000000008018                sdc_hci_cmd_le_clear_filter_accept_list
 .text          0x000000000000801c        0x4 C:/ncs/v2.7.0/nrfxlib/softdevice_controller/lib/cortex-m4/soft-float/libsoftdevice_controller_peripheral.a(libsoftdevice_controller_s112_debug_soft__obfuscated.elf)
                0x000000000000801c                sdc_hci_cmd_le_add_device_to_filter_accept_list
 .text          0x0000000000008020        0x4 C:/ncs/v2.7.0/nrfxlib/softdevice_controller/lib/cortex-m4/soft-float/libsoftdevice_controller_peripheral.a(libsoftdevice_controller_s112_debug_soft__obfuscated.elf)
                0x0000000000008020                sdc_hci_cmd_le_remove_device_from_filter_accept_list
 .text          0x0000000000008024        0x4 C:/ncs/v2.7.0/nrfxlib/softdevice_controller/lib/cortex-m4/soft-float/libsoftdevice_controller_peripheral.a(libsoftdevice_controller_s112_debug_soft__obfuscated.elf)
                0x0000000000008024                sdc_hci_cmd_le_encrypt
 .text          0x0000000000008028        0x4 C:/ncs/v2.7.0/nrfxlib/softdevice_controller/lib/cortex-m4/soft-float/libsoftdevice_controller_peripheral.a(libsoftdevice_controller_s112_debug_soft__obfuscated.elf)
                0x0000000000008028                sdc_hci_cmd_le_rand
 .text          0x000000000000802c        0x8 C:/ncs/v2.7.0/nrfxlib/softdevice_controller/lib/cortex-m4/soft-float/libsoftdevice_controller_peripheral.a(libsoftdevice_controller_s112_debug_soft__obfuscated.elf)
                0x000000000000802c                sdc_hci_cmd_le_long_term_key_request_negative_reply
 .text          0x0000000000008034        0x4 C:/ncs/v2.7.0/nrfxlib/softdevice_controller/lib/cortex-m4/soft-float/libsoftdevice_controller_peripheral.a(libsoftdevice_controller_s112_debug_soft__obfuscated.elf)
                0x0000000000008034                sdc_hci_cmd_le_read_transmit_power
 .text          0x0000000000008038        0x4 C:/ncs/v2.7.0/nrfxlib/softdevice_controller/lib/cortex-m4/soft-float/libsoftdevice_controller_peripheral.a(libsoftdevice_controller_s112_debug_soft__obfuscated.elf)
                0x0000000000008038                sdc_hci_cmd_le_set_data_related_address_changes
 .text          0x000000000000803c       0x50 C:/ncs/v2.7.0/nrfxlib/softdevice_controller/lib/cortex-m4/soft-float/libsoftdevice_controller_peripheral.a(libsoftdevice_controller_s112_debug_soft__obfuscated.elf)
                0x000000000000803c                sym_A7PVZLRTORLFMETW3GOBE4DG32WTH46LP2SW5QQ
 .text          0x000000000000808c       0x12 C:/ncs/v2.7.0/nrfxlib/softdevice_controller/lib/cortex-m4/soft-float/libsoftdevice_controller_peripheral.a(libsoftdevice_controller_s112_debug_soft__obfuscated.elf)
                0x000000000000808c                sym_E56LW5YVGUG6HP2OML5URHI7K2KCWX5ULQKQOKY
 .text          0x000000000000809e       0x38 C:/ncs/v2.7.0/nrfxlib/softdevice_controller/lib/cortex-m4/soft-float/libsoftdevice_controller_peripheral.a(libsoftdevice_controller_s112_debug_soft__obfuscated.elf)
                0x000000000000809e                sym_PTZ4EWNTFK5S5TZGCBNFETDF37P4DBX7VGM33II
 .text          0x00000000000080d6       0x3c C:/ncs/v2.7.0/nrfxlib/softdevice_controller/lib/cortex-m4/soft-float/libsoftdevice_controller_peripheral.a(libsoftdevice_controller_s112_debug_soft__obfuscated.elf)
                0x00000000000080d6                sym_T2KVJXUKBW7E6DZMIXB2ENUQYG6P2TBYLXO3PAY
 .text          0x0000000000008112       0x54 C:/ncs/v2.7.0/nrfxlib/softdevice_controller/lib/cortex-m4/soft-float/libsoftdevice_controller_peripheral.a(libsoftdevice_controller_s112_debug_soft__obfuscated.elf)
                0x0000000000008112                sym_JTNP7UFMKYWSFCHJEA5IASO3QVW3HK4YV6YOJYQ
 .text          0x0000000000008166       0x3c C:/ncs/v2.7.0/nrfxlib/softdevice_controller/lib/cortex-m4/soft-float/libsoftdevice_controller_peripheral.a(libsoftdevice_controller_s112_debug_soft__obfuscated.elf)
 .text          0x00000000000081a2       0x10 C:/ncs/v2.7.0/nrfxlib/softdevice_controller/lib/cortex-m4/soft-float/libsoftdevice_controller_peripheral.a(libsoftdevice_controller_s112_debug_soft__obfuscated.elf)
 .text          0x00000000000081b2       0x32 C:/ncs/v2.7.0/nrfxlib/softdevice_controller/lib/cortex-m4/soft-float/libsoftdevice_controller_peripheral.a(libsoftdevice_controller_s112_debug_soft__obfuscated.elf)
                0x00000000000081b2                sym_HNCDHITBYWLO4GMOSPKCO7YXRRWIUQ2IKIZ4C5A
 .text          0x00000000000081e4       0x1c C:/ncs/v2.7.0/nrfxlib/softdevice_controller/lib/cortex-m4/soft-float/libsoftdevice_controller_peripheral.a(libsoftdevice_controller_s112_debug_soft__obfuscated.elf)
                0x00000000000081e4                sym_WDNTHBFS7DQM3AR7WDCR7ZEICFH5ZM5PJ35BRPY
 .text          0x0000000000008200        0x6 C:/ncs/v2.7.0/nrfxlib/softdevice_controller/lib/cortex-m4/soft-float/libsoftdevice_controller_peripheral.a(libsoftdevice_controller_s112_debug_soft__obfuscated.elf)
                0x0000000000008200                sym_SCCFLYV5KOPRJ5S7RGDC2KDSCCHMKXYC3EQIE6A
 .text          0x0000000000008206       0x60 C:/ncs/v2.7.0/nrfxlib/softdevice_controller/lib/cortex-m4/soft-float/libsoftdevice_controller_peripheral.a(libsoftdevice_controller_s112_debug_soft__obfuscated.elf)
                0x0000000000008206                sym_F5SXUQLY6DFZ5NXKJ4VFIGAK52D6AM5LN2AJKSY
 .text          0x0000000000008266       0x3a C:/ncs/v2.7.0/nrfxlib/softdevice_controller/lib/cortex-m4/soft-float/libsoftdevice_controller_peripheral.a(libsoftdevice_controller_s112_debug_soft__obfuscated.elf)
                0x0000000000008266                sym_OC5GPSERLPE7TKXSCU3QAZ62H3OM4MWFYV7WX2I
 .text          0x00000000000082a0       0x4e C:/ncs/v2.7.0/nrfxlib/softdevice_controller/lib/cortex-m4/soft-float/libsoftdevice_controller_peripheral.a(libsoftdevice_controller_s112_debug_soft__obfuscated.elf)
                0x00000000000082a0                sym_VPXIA5P4C72CY3ME4ZVXBADOKEG5S4C7Z7QZZFA
 .text          0x00000000000082ee       0x44 C:/ncs/v2.7.0/nrfxlib/softdevice_controller/lib/cortex-m4/soft-float/libsoftdevice_controller_peripheral.a(libsoftdevice_controller_s112_debug_soft__obfuscated.elf)
                0x00000000000082ee                sym_MF4WRTQNYFRYRFGW7FZUI3ZAYNQZ5EQ54QSK6JQ
 .text          0x0000000000008332       0x16 C:/ncs/v2.7.0/nrfxlib/softdevice_controller/lib/cortex-m4/soft-float/libsoftdevice_controller_peripheral.a(libsoftdevice_controller_s112_debug_soft__obfuscated.elf)
                0x0000000000008332                sym_DPFAWTOI3GRLXCS5TV5FXLZJNKWMRLYTLT4DRFY
 .text          0x0000000000008348       0x16 C:/ncs/v2.7.0/nrfxlib/softdevice_controller/lib/cortex-m4/soft-float/libsoftdevice_controller_peripheral.a(libsoftdevice_controller_s112_debug_soft__obfuscated.elf)
                0x0000000000008348                sym_27RZBWKBTESKUPVNN3E7RHYQU6UH4RT372SK2WA
 .text          0x000000000000835e       0x12 C:/ncs/v2.7.0/nrfxlib/softdevice_controller/lib/cortex-m4/soft-float/libsoftdevice_controller_peripheral.a(libsoftdevice_controller_s112_debug_soft__obfuscated.elf)
                0x000000000000835e                sym_Z3P3D5U3YDA66QTFRMTODYQPS5XZL7N2E3M2DIY